Component: ARM Compiler 5.06 update 6 (build 750) Tool: armlink [4d35ed]

==============================================================================

Section Cross References

    startup_stm32f103xe.o(RESET) refers to startup_stm32f103xe.o(STACK) for __initial_sp
    startup_stm32f103xe.o(RESET) refers to startup_stm32f103xe.o(.text) for Reset_Handler
    startup_stm32f103xe.o(RESET) refers to stm32f1xx_it.o(i.NMI_Handler) for NMI_Handler
    startup_stm32f103xe.o(RESET) refers to stm32f1xx_it.o(i.HardFault_Handler) for HardFault_Handler
    startup_stm32f103xe.o(RESET) refers to stm32f1xx_it.o(i.MemManage_Handler) for MemManage_Handler
    startup_stm32f103xe.o(RESET) refers to stm32f1xx_it.o(i.BusFault_Handler) for BusFault_Handler
    startup_stm32f103xe.o(RESET) refers to stm32f1xx_it.o(i.UsageFault_Handler) for UsageFault_Handler
    startup_stm32f103xe.o(RESET) refers to stm32f1xx_it.o(i.SVC_Handler) for SVC_Handler
    startup_stm32f103xe.o(RESET) refers to stm32f1xx_it.o(i.DebugMon_Handler) for DebugMon_Handler
    startup_stm32f103xe.o(RESET) refers to stm32f1xx_it.o(i.PendSV_Handler) for PendSV_Handler
    startup_stm32f103xe.o(RESET) refers to stm32f1xx_it.o(i.SysTick_Handler) for SysTick_Handler
    startup_stm32f103xe.o(RESET) refers to stm32f1xx_it.o(i.DMA1_Channel4_IRQHandler) for DMA1_Channel4_IRQHandler
    startup_stm32f103xe.o(RESET) refers to stm32f1xx_it.o(i.DMA1_Channel5_IRQHandler) for DMA1_Channel5_IRQHandler
    startup_stm32f103xe.o(RESET) refers to stm32f1xx_it.o(i.USART1_IRQHandler) for USART1_IRQHandler
    startup_stm32f103xe.o(RESET) refers to stm32f1xx_it.o(i.UART4_IRQHandler) for UART4_IRQHandler
    startup_stm32f103xe.o(RESET) refers to stm32f1xx_it.o(i.TIM6_IRQHandler) for TIM6_IRQHandler
    startup_stm32f103xe.o(RESET) refers to stm32f1xx_it.o(i.DMA2_Channel3_IRQHandler) for DMA2_Channel3_IRQHandler
    startup_stm32f103xe.o(RESET) refers to stm32f1xx_it.o(i.DMA2_Channel4_5_IRQHandler) for DMA2_Channel4_5_IRQHandler
    startup_stm32f103xe.o(.text) refers to system_stm32f1xx.o(i.SystemInit) for SystemInit
    startup_stm32f103xe.o(.text) refers to entry.o(.ARM.Collect$$$$00000000) for __main
    main.o(i.SystemClock_Config) refers to memseta.o(.text) for __aeabi_memclr4
    main.o(i.SystemClock_Config) refers to stm32f1xx_hal_rcc.o(i.HAL_RCC_OscConfig) for HAL_RCC_OscConfig
    main.o(i.SystemClock_Config) refers to stm32f1xx_hal_rcc.o(i.HAL_RCC_ClockConfig) for HAL_RCC_ClockConfig
    main.o(i.main) refers to stm32f1xx_hal.o(i.HAL_Init) for HAL_Init
    main.o(i.main) refers to main.o(i.SystemClock_Config) for SystemClock_Config
    main.o(i.main) refers to gpio.o(i.MX_GPIO_Init) for MX_GPIO_Init
    main.o(i.main) refers to dma.o(i.MX_DMA_Init) for MX_DMA_Init
    main.o(i.main) refers to usart.o(i.MX_USART1_UART_Init) for MX_USART1_UART_Init
    main.o(i.main) refers to tim.o(i.MX_TIM6_Init) for MX_TIM6_Init
    main.o(i.main) refers to usart.o(i.MX_UART4_Init) for MX_UART4_Init
    main.o(i.main) refers to led_control.o(i.led_init) for led_init
    main.o(i.main) refers to key_handler.o(i.key_init) for key_init
    main.o(i.main) refers to stm32f1xx_hal_tim.o(i.HAL_TIM_Base_Start_IT) for HAL_TIM_Base_Start_IT
    main.o(i.main) refers to stm32f1xx_hal_uart.o(i.HAL_UART_Receive_DMA) for HAL_UART_Receive_DMA
    main.o(i.main) refers to esp8266_driver.o(i.esp8266_init) for esp8266_init
    main.o(i.main) refers to key_handler.o(i.key_press_handler) for key_press_handler
    main.o(i.main) refers to timer_handler.o(i.check_and_report_status) for check_and_report_status
    main.o(i.main) refers to stm32f1xx_hal_uart.o(i.HAL_UART_DMAStop) for HAL_UART_DMAStop
    main.o(i.main) refers to tim.o(.bss) for htim6
    main.o(i.main) refers to usart.o(.bss) for huart1
    main.o(i.main) refers to main.o(.bss) for .bss
    main.o(i.main) refers to timer_handler.o(.data) for system_tick
    main.o(i.main) refers to timer_handler.o(.data) for last_uart_rx_time
    gpio.o(i.MX_GPIO_Init) refers to stm32f1xx_hal_gpio.o(i.HAL_GPIO_WritePin) for HAL_GPIO_WritePin
    gpio.o(i.MX_GPIO_Init) refers to stm32f1xx_hal_gpio.o(i.HAL_GPIO_Init) for HAL_GPIO_Init
    dma.o(i.MX_DMA_Init) refers to stm32f1xx_hal_cortex.o(i.HAL_NVIC_SetPriority) for HAL_NVIC_SetPriority
    dma.o(i.MX_DMA_Init) refers to stm32f1xx_hal_cortex.o(i.HAL_NVIC_EnableIRQ) for HAL_NVIC_EnableIRQ
    tim.o(i.HAL_TIM_Base_MspDeInit) refers to stm32f1xx_hal_cortex.o(i.HAL_NVIC_DisableIRQ) for HAL_NVIC_DisableIRQ
    tim.o(i.HAL_TIM_Base_MspInit) refers to stm32f1xx_hal_cortex.o(i.HAL_NVIC_SetPriority) for HAL_NVIC_SetPriority
    tim.o(i.HAL_TIM_Base_MspInit) refers to stm32f1xx_hal_cortex.o(i.HAL_NVIC_EnableIRQ) for HAL_NVIC_EnableIRQ
    tim.o(i.MX_TIM6_Init) refers to stm32f1xx_hal_tim.o(i.HAL_TIM_Base_Init) for HAL_TIM_Base_Init
    tim.o(i.MX_TIM6_Init) refers to main.o(i.Error_Handler) for Error_Handler
[...]
    .text                                    0x08000c94   Section        0  dfixul.o(.text)
    .text                                    0x08000cc4   Section        0  d2f.o(.text)
    .text                                    0x08000cfc   Section       36  init.o(.text)
    .text                                    0x08000d20   Section        0  ctype_o.o(.text)
    .text                                    0x08000d28   Section        0  isspace_o.o(.text)
    .text                                    0x08000d3a   Section        0  _strtoul.o(.text)
    .text                                    0x08000dd8   Section        0  fepilogue.o(.text)
    .text                                    0x08000e46   Section        0  _chval.o(.text)
    i.BusFault_Handler                       0x08000e62   Section        0  stm32f1xx_it.o(i.BusFault_Handler)
    i.DMA1_Channel4_IRQHandler               0x08000e64   Section        0  stm32f1xx_it.o(i.DMA1_Channel4_IRQHandler)
    i.DMA1_Channel5_IRQHandler               0x08000e70   Section        0  stm32f1xx_it.o(i.DMA1_Channel5_IRQHandler)
    i.DMA2_Channel3_IRQHandler               0x08000e7c   Section        0  stm32f1xx_it.o(i.DMA2_Channel3_IRQHandler)
    i.DMA2_Channel4_5_IRQHandler             0x08000e88   Section        0  stm32f1xx_it.o(i.DMA2_Channel4_5_IRQHandler)
    i.DMA_SetConfig                          0x08000e94   Section        0  stm32f1xx_hal_dma.o(i.DMA_SetConfig)
    DMA_SetConfig                            0x08000e95   Thumb Code    42  stm32f1xx_hal_dma.o(i.DMA_SetConfig)
    i.DebugMon_Handler                       0x08000ebe   Section        0  stm32f1xx_it.o(i.DebugMon_Handler)
    i.Error_Handler                          0x08000ec0   Section        0  main.o(i.Error_Handler)
    i.HAL_DMA_Abort                          0x08000ec4   Section        0  stm32f1xx_hal_dma.o(i.HAL_DMA_Abort)
    i.HAL_DMA_Abort_IT                       0x08000f0c   Section        0  stm32f1xx_hal_dma.o(i.HAL_DMA_Abort_IT)
    i.HAL_DMA_IRQHandler                     0x0800103c   Section        0  stm32f1xx_hal_dma.o(i.HAL_DMA_IRQHandler)
    i.HAL_DMA_Init                           0x08001284   Section        0  stm32f1xx_hal_dma.o(i.HAL_DMA_Init)
    i.HAL_DMA_Start_IT                       0x08001300   Section        0  stm32f1xx_hal_dma.o(i.HAL_DMA_Start_IT)
    i.HAL_Delay                              0x08001370   Section        0  stm32f1xx_hal.o(i.HAL_Delay)
    i.HAL_GPIO_Init                          0x08001394   Section        0  stm32f1xx_hal_gpio.o(i.HAL_GPIO_Init)
    i.HAL_GPIO_ReadPin                       0x0800158c   Section        0  stm32f1xx_hal_gpio.o(i.HAL_GPIO_ReadPin)
    i.HAL_GPIO_TogglePin                     0x08001596   Section        0  stm32f1xx_hal_gpio.o(i.HAL_GPIO_TogglePin)
    i.HAL_GPIO_WritePin                      0x080015a6   Section        0  stm32f1xx_hal_gpio.o(i.HAL_GPIO_WritePin)
    i.HAL_GetTick                            0x080015b0   Section        0  stm32f1xx_hal.o(i.HAL_GetTick)
    i.HAL_IncTick                            0x080015bc   Section        0  stm32f1xx_hal.o(i.HAL_IncTick)
    i.HAL_Init                               0x080015cc   Section        0  stm32f1xx_hal.o(i.HAL_Init)
    i.HAL_InitTick                           0x080015f0   Section        0  stm32f1xx_hal.o(i.HAL_InitTick)
    i.HAL_MspInit                            0x08001630   Section        0  stm32f1xx_hal_msp.o(i.HAL_MspInit)
    i.HAL_NVIC_EnableIRQ                     0x0800166c   Section        0  stm32f1xx_hal_cortex.o(i.HAL_NVIC_EnableIRQ)
    i.HAL_NVIC_SetPriority                   0x08001688   Section        0  stm32f1xx_hal_cortex.o(i.HAL_NVIC_SetPriority)
    i.HAL_NVIC_SetPriorityGrouping           0x080016c8   Section        0  stm32f1xx_hal_cortex.o(i.HAL_NVIC_SetPriorityGrouping)
    i.HAL_RCC_ClockConfig                    0x080016ec   Section        0  stm32f1xx_hal_rcc.o(i.HAL_RCC_ClockConfig)
    i.HAL_RCC_GetPCLK1Freq                   0x08001818   Section        0  stm32f1xx_hal_rcc.o(i.HAL_RCC_GetPCLK1Freq)
    i.HAL_RCC_GetPCLK2Freq                   0x08001838   Section        0  stm32f1xx_hal_rcc.o(i.HAL_RCC_GetPCLK2Freq)
    i.HAL_RCC_GetSysClockFreq                0x08001858   Section        0  stm32f1xx_hal_rcc.o(i.HAL_RCC_GetSysClockFreq)
    i.HAL_RCC_OscConfig                      0x080018a4   Section        0  stm32f1xx_hal_rcc.o(i.HAL_RCC_OscConfig)
    i.HAL_SYSTICK_Config                     0x08001bc4   Section        0  stm32f1xx_hal_cortex.o(i.HAL_SYSTICK_Config)
    i.HAL_TIMEx_BreakCallback                0x08001bec   Section        0  stm32f1xx_hal_tim_ex.o(i.HAL_TIMEx_BreakCallback)
    i.HAL_TIMEx_CommutCallback               0x08001bee   Section        0  stm32f1xx_hal_tim_ex.o(i.HAL_TIMEx_CommutCallback)
    i.HAL_TIMEx_MasterConfigSynchronization  0x08001bf0   Section        0  stm32f1xx_hal_tim_ex.o(i.HAL_TIMEx_MasterConfigSynchronization)
    i.HAL_TIM_Base_Init                      0x08001c6c   Section        0  stm32f1xx_hal_tim.o(i.HAL_TIM_Base_Init)
    i.HAL_TIM_Base_MspInit                   0x08001cc8   Section        0  tim.o(i.HAL_TIM_Base_MspInit)
    i.HAL_TIM_Base_Start_IT                  0x08001d04   Section        0  stm32f1xx_hal_tim.o(i.HAL_TIM_Base_Start_IT)
    i.HAL_TIM_IC_CaptureCallback             0x08001d70   Section        0  stm32f1xx_hal_tim.o(i.HAL_TIM_IC_CaptureCallback)
    i.HAL_TIM_IRQHandler                     0x08001d72   Section        0  stm32f1xx_hal_tim.o(i.HAL_TIM_IRQHandler)
    i.HAL_TIM_OC_DelayElapsedCallback        0x08001ea2   Section        0  stm32f1xx_hal_tim.o(i.HAL_TIM_OC_DelayElapsedCallback)
    i.HAL_TIM_PWM_PulseFinishedCallback      0x08001ea4   Section        0  stm32f1xx_hal_tim.o(i.HAL_TIM_PWM_PulseFinishedCallback)
    i.HAL_TIM_PeriodElapsedCallback          0x08001ea8   Section        0  timer_handler.o(i.HAL_TIM_PeriodElapsedCallback)
    i.HAL_TIM_TriggerCallback                0x08001ec0   Section        0  stm32f1xx_hal_tim.o(i.HAL_TIM_TriggerCallback)
    i.HAL_UARTEx_RxEventCallback             0x08001ec2   Section        0  stm32f1xx_hal_uart.o(i.HAL_UARTEx_RxEventCallback)
    i.HAL_UART_DMAStop                       0x08001ec4   Section        0  stm32f1xx_hal_uart.o(i.HAL_UART_DMAStop)
    i.HAL_UART_ErrorCallback                 0x08001f34   Section        0  stm32f1xx_hal_uart.o(i.HAL_UART_ErrorCallback)
    i.HAL_UART_IRQHandler                    0x08001f38   Section        0  stm32f1xx_hal_uart.o(i.HAL_UART_IRQHandler)
    i.HAL_UART_Init                          0x080021a4   Section        0  stm32f1xx_hal_uart.o(i.HAL_UART_Init)
    i.HAL_UART_MspInit                       0x08002208   Section        0  usart.o(i.HAL_UART_MspInit)
    i.HAL_UART_Receive_DMA                   0x080023a0   Section        0  stm32f1xx_hal_uart.o(i.HAL_UART_Receive_DMA)
    i.HAL_UART_RxCpltCallback                0x080023bc   Section        0  stm32f1xx_hal_uart.o(i.HAL_UART_RxCpltCallback)
    i.HAL_UART_RxHalfCpltCallback            0x080023be   Section        0  stm32f1xx_hal_uart.o(i.HAL_UART_RxHalfCpltCallback)
    i.HAL_UART_Transmit                      0x080023c0   Section        0  stm32f1xx_hal_uart.o(i.HAL_UART_Transmit)
    i.HAL_UART_Transmit_DMA                  0x08002460   Section        0  stm32f1xx_hal_uart.o(i.HAL_UART_Transmit_DMA)
    i.HAL_UART_TxCpltCallback                0x080024d8   Section        0  stm32f1xx_hal_uart.o(i.HAL_UART_TxCpltCallback)
    i.HAL_UART_TxHalfCpltCallback            0x080024da   Section        0  stm32f1xx_hal_uart.o(i.HAL_UART_TxHalfCpltCallback)
    i.HardFault_Handler                      0x080024dc   Section        0  stm32f1xx_it.o(i.HardFault_Handler)
    i.MX_DMA_Init                            0x080024e0   Section        0  dma.o(i.MX_DMA_Init)
    i.MX_GPIO_Init                           0x0800254c   Section        0  gpio.o(i.MX_GPIO_Init)
    i.MX_TIM6_Init                           0x080025d0   Section        0  tim.o(i.MX_TIM6_Init)
    i.MX_UART4_Init                          0x08002618   Section        0  usart.o(i.MX_UART4_Init)
    i.MX_USART1_UART_Init                    0x08002650   Section        0  usart.o(i.MX_USART1_UART_Init)
    i.MemManage_Handler                      0x08002688   Section        0  stm32f1xx_it.o(i.MemManage_Handler)
    i.NMI_Handler                            0x0800268a   Section        0  stm32f1xx_it.o(i.NMI_Handler)
    i.PendSV_Handler                         0x0800268c   Section        0  stm32f1xx_it.o(i.PendSV_Handler)
    i.SVC_Handler                            0x0800268e   Section        0  stm32f1xx_it.o(i.SVC_Handler)
    i.SysTick_Handler                        0x08002690   Section        0  stm32f1xx_it.o(i.SysTick_Handler)
    i.SystemClock_Config                     0x08002694   Section        0  main.o(i.SystemClock_Config)
    i.SystemInit                             0x080026f2   Section        0  system_stm32f1xx.o(i.SystemInit)
    i.TIM6_IRQHandler                        0x080026f4   Section        0  stm32f1xx_it.o(i.TIM6_IRQHandler)
    i.TIM_Base_SetConfig                     0x08002700   Section        0  stm32f1xx_hal_tim.o(i.TIM_Base_SetConfig)
    i.UART4_IDLEHandler                      0x0800279c   Section        0  esp8266_driver.o(i.UART4_IDLEHandler)
    i.UART4_IRQHandler                       0x08002800   Section        0  stm32f1xx_it.o(i.UART4_IRQHandler)
    i.UART_DMAAbortOnError                   0x08002814   Section        0  stm32f1xx_hal_uart.o(i.UART_DMAAbortOnError)
    UART_DMAAbortOnError                     0x08002815   Thumb Code    16  stm32f1xx_hal_uart.o(i.UART_DMAAbortOnError)
    i.UART_DMAError                          0x08002824   Section        0  stm32f1xx_hal_uart.o(i.UART_DMAError)
    UART_DMAError                            0x08002825   Thumb Code    74  stm32f1xx_hal_uart.o(i.UART_DMAError)
    i.UART_DMAReceiveCplt                    0x0800286e   Section        0  stm32f1xx_hal_uart.o(i.UART_DMAReceiveCplt)
    UART_DMAReceiveCplt                      0x0800286f   Thumb Code   134  stm32f1xx_hal_uart.o(i.UART_DMAReceiveCplt)
    i.UART_DMARxHalfCplt                     0x080028f4   Section        0  stm32f1xx_hal_uart.o(i.UART_DMARxHalfCplt)
    UART_DMARxHalfCplt                       0x080028f5   Thumb Code    30  stm32f1xx_hal_uart.o(i.UART_DMARxHalfCplt)
    i.UART_DMATransmitCplt                   0x08002912   Section        0  stm32f1xx_hal_uart.o(i.UART_DMATransmitCplt)
    UART_DMATransmitCplt                     0x08002913   Thumb Code    66  stm32f1xx_hal_uart.o(i.UART_DMATransmitCplt)
    i.UART_DMATxHalfCplt                     0x08002954   Section        0  stm32f1xx_hal_uart.o(i.UART_DMATxHalfCplt)
    UART_DMATxHalfCplt                       0x08002955   Thumb Code    10  stm32f1xx_hal_uart.o(i.UART_DMATxHalfCplt)
    i.UART_EndRxTransfer                     0x0800295e   Section        0  stm32f1xx_hal_uart.o(i.UART_EndRxTransfer)
    UART_EndRxTransfer                       0x0800295f   Thumb Code    78  stm32f1xx_hal_uart.o(i.UART_EndRxTransfer)
    i.UART_EndTxTransfer                     0x080029ac   Section        0  stm32f1xx_hal_uart.o(i.UART_EndTxTransfer)
    UART_EndTxTransfer                       0x080029ad   Thumb Code    28  stm32f1xx_hal_uart.o(i.UART_EndTxTransfer)
    i.UART_Receive_IT                        0x080029c8   Section        0  stm32f1xx_hal_uart.o(i.UART_Receive_IT)
    UART_Receive_IT                          0x080029c9   Thumb Code   194  stm32f1xx_hal_uart.o(i.UART_Receive_IT)
    i.UART_SetConfig                         0x08002a8c   Section        0  stm32f1xx_hal_uart.o(i.UART_SetConfig)
    UART_SetConfig                           0x08002a8d   Thumb Code   178  stm32f1xx_hal_uart.o(i.UART_SetConfig)
    i.UART_Start_Receive_DMA                 0x08002b44   Section        0  stm32f1xx_hal_uart.o(i.UART_Start_Receive_DMA)
    i.UART_WaitOnFlagUntilTimeout            0x08002bd4   Section        0  stm32f1xx_hal_uart.o(i.UART_WaitOnFlagUntilTimeout)
    UART_WaitOnFlagUntilTimeout              0x08002bd5   Thumb Code   114  stm32f1xx_hal_uart.o(i.UART_WaitOnFlagUntilTimeout)
    i.USART1_IDLEHandler                     0x08002c48   Section        0  usart_driver.o(i.USART1_IDLEHandler)
    i.USART1_IRQHandler                      0x08002ca0   Section        0  stm32f1xx_it.o(i.USART1_IRQHandler)
    i.UsageFault_Handler                     0x08002cb4   Section        0  stm32f1xx_it.o(i.UsageFault_Handler)
    i.__0printf                              0x08002cb8   Section        0  printfa.o(i.__0printf)
    i.__0sprintf                             0x08002cd8   Section        0  printfa.o(i.__0sprintf)
    i.__NVIC_SetPriority                     0x08002d00   Section        0  stm32f1xx_hal_cortex.o(i.__NVIC_SetPriority)
    __NVIC_SetPriority                       0x08002d01   Thumb Code    32  stm32f1xx_hal_cortex.o(i.__NVIC_SetPriority)
    i.__aeabi_errno_addr                     0x08002d20   Section        0  errno.o(i.__aeabi_errno_addr)
    i.__free$realloc                         0x08002d28   Section        0  mallocr.o(i.__free$realloc)
    i.__malloc$realloc                       0x08002d84   Section        0  mallocr.o(i.__malloc$realloc)
    i.__scatterload_copy                     0x08002dd4   Section       14  handlers.o(i.__scatterload_copy)
    i.__scatterload_null                     0x08002de2   Section        2  handlers.o(i.__scatterload_null)
    i.__scatterload_zeroinit                 0x08002de4   Section       14  handlers.o(i.__scatterload_zeroinit)
    i._fp_digits                             0x08002df4   Section        0  printfa.o(i._fp_digits)
    _fp_digits                               0x08002df5   Thumb Code   366  printfa.o(i._fp_digits)
    i._is_digit                              0x08002f78   Section        0  scanf_fp.o(i._is_digit)
    i._printf_core                           0x08002f88   Section        0  printfa.o(i._printf_core)
    _printf_core                             0x08002f89   Thumb Code  1744  printfa.o(i._printf_core)
    i._printf_post_padding                   0x08003664   Section        0  printfa.o(i._printf_post_padding)
    _printf_post_padding                     0x08003665   Thumb Code    36  printfa.o(i._printf_post_padding)
    i._printf_pre_padding                    0x08003688   Section        0  printfa.o(i._printf_pre_padding)
    _printf_pre_padding                      0x08003689   Thumb Code    46  printfa.o(i._printf_pre_padding)
    i._sputc                                 0x080036b6   Section        0  printfa.o(i._sputc)
    _sputc                                   0x080036b7   Thumb Code    10  printfa.o(i._sputc)
    i.buffer_skip_whitespace                 0x080036c0   Section        0  cjson.o(i.buffer_skip_whitespace)
    buffer_skip_whitespace                   0x080036c1   Thumb Code    48  cjson.o(i.buffer_skip_whitespace)
    i.cJSON_Delete                           0x080036f0   Section        0  cjson.o(i.cJSON_Delete)
    i.cJSON_GetErrorPtr                      0x08003740   Section        0  cjson.o(i.cJSON_GetErrorPtr)
    i.cJSON_GetObjectItem                    0x08003750   Section        0  cjson.o(i.cJSON_GetObjectItem)
    i.cJSON_IsNumber                         0x08003756   Section        0  cjson.o(i.cJSON_IsNumber)
    i.cJSON_IsString                         0x08003768   Section        0  cjson.o(i.cJSON_IsString)
    i.cJSON_New_Item                         0x0800377a   Section        0  cjson.o(i.cJSON_New_Item)
    cJSON_New_Item                           0x0800377b   Thumb Code    22  cjson.o(i.cJSON_New_Item)
    i.cJSON_Parse                            0x08003790   Section        0  cjson.o(i.cJSON_Parse)
    i.cJSON_ParseWithLengthOpts              0x08003798   Section        0  cjson.o(i.cJSON_ParseWithLengthOpts)
    i.cJSON_ParseWithOpts                    0x08003874   Section        0  cjson.o(i.cJSON_ParseWithOpts)
    i.change_led                             0x08003898   Section        0  led_control.o(i.change_led)
    i.check_and_report_status                0x080038f8   Section        0  timer_handler.o(i.check_and_report_status)
    i.esp8266_init                           0x08003918   Section        0  esp8266_driver.o(i.esp8266_init)
    i.fputc                                  0x08003a00   Section        0  usart_driver.o(i.fputc)
    i.get_led_tim                            0x08003a18   Section        0  led_control.o(i.get_led_tim)
    i.get_object_item                        0x08003a24   Section        0  cjson.o(i.get_object_item)
    get_object_item                          0x08003a25   Thumb Code   122  cjson.o(i.get_object_item)
    i.internal_alloc                         0x08003aa0   Section        0  mallocr.o(i.internal_alloc)
    internal_alloc                           0x08003aa1   Thumb Code    76  mallocr.o(i.internal_alloc)
    i.key_init                               0x08003af0   Section        0  key_handler.o(i.key_init)
    i.key_press_handler                      0x08003b00   Section        0  key_handler.o(i.key_press_handler)
    i.led_init                               0x08003b14   Section        0  led_control.o(i.led_init)
    i.led_tim_set                            0x08003b1c   Section        0  led_control.o(i.led_tim_set)
    i.main                                   0x08003b3c   Section        0  main.o(i.main)
    i.parse_array                            0x08003be8   Section        0  cjson.o(i.parse_array)
    parse_array                              0x08003be9   Thumb Code   208  cjson.o(i.parse_array)
    i.parse_hex4                             0x08003cb8   Section        0  cjson.o(i.parse_hex4)
    parse_hex4                               0x08003cb9   Thumb Code    64  cjson.o(i.parse_hex4)
    i.parse_json_str_command                 0x08003cf8   Section        0  cloud_interface.o(i.parse_json_str_command)
    i.parse_number                           0x080041a0   Section        0  cjson.o(i.parse_number)
    parse_number                             0x080041a1   Thumb Code   288  cjson.o(i.parse_number)
    i.parse_object                           0x080042cc   Section        0  cjson.o(i.parse_object)
    parse_object                             0x080042cd   Thumb Code   272  cjson.o(i.parse_object)
    i.parse_string                           0x080043dc   Section        0  cjson.o(i.parse_string)
    parse_string                             0x080043dd   Thumb Code   268  cjson.o(i.parse_string)
    i.parse_value                            0x080044e8   Section        0  cjson.o(i.parse_value)
    parse_value                              0x080044e9   Thumb Code   226  cjson.o(i.parse_value)
    i.process_command                        0x080045e4   Section        0  usart_driver.o(i.process_command)
    i.process_esp8266_response               0x08004730   Section        0  esp8266_driver.o(i.process_esp8266_response)
    i.read_current_led_state                 0x08004978   Section        0  led_control.o(i.read_current_led_state)
    i.realloc                                0x080049ac   Section        0  mallocr.o(i.realloc)
    i.report_device_status                   0x08004a18   Section        0  cloud_interface.o(i.report_device_status)
    i.report_single_param                    0x08004ad8   Section        0  cloud_interface.o(i.report_single_param)
    i.reset_key_state                        0x08004b40   Section        0  key_handler.o(i.reset_key_state)
    i.send_cmd                               0x08004b4c   Section        0  esp8266_driver.o(i.send_cmd)
    i.state_handler_blinking                 0x08004b8c   Section        0  key_handler.o(i.state_handler_blinking)
    state_handler_blinking                   0x08004b8d   Thumb Code    64  key_handler.o(i.state_handler_blinking)
    i.state_handler_config_mode              0x08004be0   Section        0  key_handler.o(i.state_handler_config_mode)
    state_handler_config_mode                0x08004be1   Thumb Code   100  key_handler.o(i.state_handler_config_mode)
    i.state_handler_config_wait              0x08004c50   Section        0  key_handler.o(i.state_handler_config_wait)
    state_handler_config_wait                0x08004c51   Thumb Code    68  key_handler.o(i.state_handler_config_wait)
    i.state_handler_double_wait              0x08004cc0   Section        0  key_handler.o(i.state_handler_double_wait)
    state_handler_double_wait                0x08004cc1   Thumb Code    84  key_handler.o(i.state_handler_double_wait)
    i.state_handler_key1_add                 0x08004d3c   Section        0  key_handler.o(i.state_handler_key1_add)
    state_handler_key1_add                   0x08004d3d   Thumb Code    56  key_handler.o(i.state_handler_key1_add)
    i.state_handler_key2_config              0x08004d94   Section        0  key_handler.o(i.state_handler_key2_config)
    state_handler_key2_config                0x08004d95   Thumb Code    72  key_handler.o(i.state_handler_key2_config)
    i.state_handler_key2_minus               0x08004e00   Section        0  key_handler.o(i.state_handler_key2_minus)
    state_handler_key2_minus                 0x08004e01   Thumb Code    68  key_handler.o(i.state_handler_key2_minus)
    i.state_handler_long_press               0x08004e64   Section        0  key_handler.o(i.state_handler_long_press)
    state_handler_long_press                 0x08004e65   Thumb Code    34  key_handler.o(i.state_handler_long_press)
    i.state_handler_save_config              0x08004e9c   Section        0  key_handler.o(i.state_handler_save_config)
    state_handler_save_config                0x08004e9d   Thumb Code    36  key_handler.o(i.state_handler_save_config)
    i.state_handler_short_press              0x08004ee8   Section        0  key_handler.o(i.state_handler_short_press)
    state_handler_short_press                0x08004ee9   Thumb Code   134  key_handler.o(i.state_handler_short_press)
    i.state_handler_wait                     0x08004fac   Section        0  key_handler.o(i.state_handler_wait)
    state_handler_wait                       0x08004fad   Thumb Code    64  key_handler.o(i.state_handler_wait)
    i.strtod                                 0x08005000   Section        0  strtod.o(i.strtod)
    i.utf16_literal_to_utf8                  0x0800501c   Section        0  cjson.o(i.utf16_literal_to_utf8)
    utf16_literal_to_utf8                    0x0800501d   Thumb Code   210  cjson.o(i.utf16_literal_to_utf8)
    .constdata                               0x080050ee   Section       18  stm32f1xx_hal_rcc.o(.constdata)
    aPredivFactorTable                       0x080050ee   Data           2  stm32f1xx_hal_rcc.o(.constdata)
    aPLLMULFactorTable                       0x080050f0   Data          16  stm32f1xx_hal_rcc.o(.constdata)
    .constdata                               0x08005100   Section       16  system_stm32f1xx.o(.constdata)
    .constdata                               0x08005110   Section        8  system_stm32f1xx.o(.constdata)
    .constdata                               0x08005118   Section      129  ctype_o.o(.constdata)
    .constdata                               0x0800519c   Section        4  ctype_o.o(.constdata)
    table                                    0x0800519c   Data           4  ctype_o.o(.constdata)
    .conststring                             0x080051a0   Section      442  esp8266_driver.o(.conststring)
    .conststring                             0x0800535c   Section       99  cloud_interface.o(.conststring)
    .data                                    0x20000000   Section        1  main.o(.data)
    .data                                    0x20000004   Section       20  cjson.o(.data)
    global_error                             0x20000004   Data           8  cjson.o(.data)
    global_hooks                             0x2000000c   Data          12  cjson.o(.data)
    .data                                    0x20000018   Section        4  led_control.o(.data)
    LED_TIM                                  0x20000018   Data           4  led_control.o(.data)
    .data                                    0x2000001c   Section       76  key_handler.o(.data)
    short_press_count                        0x2000001c   Data           1  key_handler.o(.data)
    threshold_set                            0x2000001d   Data           1  key_handler.o(.data)
    current_key_state                        0x2000001e   Data           1  key_handler.o(.data)
    double_key_cnt                           0x2000001f   Data           1  key_handler.o(.data)
    last_key_time                            0x20000020   Data           4  key_handler.o(.data)
    last_click_time                          0x20000024   Data           4  key_handler.o(.data)
    double_key_now                           0x20000028   Data           4  key_handler.o(.data)
    double_key_last                          0x2000002c   Data           4  key_handler.o(.data)
    config_blink_now                         0x20000030   Data           4  key_handler.o(.data)
    config_blink_last                        0x20000034   Data           4  key_handler.o(.data)
    enter_threshold_time                     0x20000038   Data           4  key_handler.o(.data)
    state_table                              0x2000003c   Data          44  key_handler.o(.data)
    .data                                    0x20000068   Section        4  cloud_interface.o(.data)
    message_id                               0x20000068   Data           4  cloud_interface.o(.data)
    .data                                    0x2000006c   Section        8  timer_handler.o(.data)
    last_report_time                         0x20000070   Data           4  timer_handler.o(.data)
    .data                                    0x20000074   Section        4  timer_handler.o(.data)
    .data                                    0x20000078   Section       12  stm32f1xx_hal.o(.data)
    .data                                    0x20000084   Section        4  system_stm32f1xx.o(.data)
    .data                                    0x20000088   Section        4  stdout.o(.data)
    .data                                    0x2000008c   Section        4  mvars.o(.data)
    .data                                    0x20000090   Section        4  mvars.o(.data)
    .data                                    0x20000094   Section        4  errno.o(.data)
    _errno                                   0x20000094   Data           4  errno.o(.data)
    .bss                                     0x20000098   Section      512  main.o(.bss)
    .bss                                     0x20000298   Section      256  main.o(.bss)
    .bss                                     0x20000398   Section       72  tim.o(.bss)
    .bss                                     0x200003e0   Section      416  usart.o(.bss)
    HEAP                                     0x20000580   Section     4096  startup_stm32f103xe.o(HEAP)
    STACK                                    0x20001580   Section     1024  startup_stm32f103xe.o(STACK)

    Global Symbols

    Symbol Name                              Value     Ov Type        Size  Object(Section)

    BuildAttributes$$THM_ISAv4$P$D$K$B$S$PE$A:L22UL41UL21$X:L11$S22US41US21$IEEE1$IW$USESV6$~STKCKD$USESV7$~SHL$OTIME$ROPI$IEEEJ$EBA8$MICROLIB$REQ8$PRES8$EABIv2 0x00000000   Number         0  anon$$obj.o ABSOLUTE
    __ARM_use_no_argv                        0x00000000   Number         0  main.o ABSOLUTE
    _printf_a                                0x00000000   Number         0  stubs.o ABSOLUTE
    _printf_c                                0x00000000   Number         0  stubs.o ABSOLUTE
    _printf_charcount                        0x00000000   Number         0  stubs.o ABSOLUTE
    _printf_d                                0x00000000   Number         0  stubs.o ABSOLUTE
    _printf_e                                0x00000000   Number         0  stubs.o ABSOLUTE
    _printf_f                                0x00000000   Number         0  stubs.o ABSOLUTE
    _printf_flags                            0x00000000   Number         0  stubs.o ABSOLUTE
    _printf_fp_dec                           0x00000000   Number         0  stubs.o ABSOLUTE
    _printf_fp_hex                           0x00000000   Number         0  stubs.o ABSOLUTE
    _printf_g                                0x00000000   Number         0  stubs.o ABSOLUTE
    _printf_i                                0x00000000   Number         0  stubs.o ABSOLUTE
    _printf_int_dec                          0x00000000   Number         0  stubs.o ABSOLUTE
    _printf_l                                0x00000000   Number         0  stubs.o ABSOLUTE
    _printf_lc                               0x00000000   Number         0  stubs.o ABSOLUTE
    _printf_ll                               0x00000000   Number         0  stubs.o ABSOLUTE
    _printf_lld                              0x00000000   Number         0  stubs.o ABSOLUTE
    _printf_lli                              0x00000000   Number         0  stubs.o ABSOLUTE
    _printf_llo                              0x00000000   Number         0  stubs.o ABSOLUTE
    _printf_llu                              0x00000000   Number         0  stubs.o ABSOLUTE
    _printf_llx                              0x00000000   Number         0  stubs.o ABSOLUTE
    _printf_longlong_dec                     0x00000000   Number         0  stubs.o ABSOLUTE
    _printf_longlong_hex                     0x00000000   Number         0  stubs.o ABSOLUTE
    _printf_longlong_oct                     0x00000000   Number         0  stubs.o ABSOLUTE
    _printf_ls                               0x00000000   Number         0  stubs.o ABSOLUTE
    _printf_mbtowc                           0x00000000   Number         0  stubs.o ABSOLUTE
    _printf_n                                0x00000000   Number         0  stubs.o ABSOLUTE
    _printf_o                                0x00000000   Number         0  stubs.o ABSOLUTE
    _printf_p                                0x00000000   Number         0  stubs.o ABSOLUTE
    _printf_percent                          0x00000000   Number         0  stubs.o ABSOLUTE
    _printf_pre_padding                      0x00000000   Number         0  stubs.o ABSOLUTE
    _printf_return_value                     0x00000000   Number         0  stubs.o ABSOLUTE
    _printf_s                                0x00000000   Number         0  stubs.o ABSOLUTE
    _printf_sizespec                         0x00000000   Number         0  stubs.o ABSOLUTE
    _printf_str                              0x00000000   Number         0  stubs.o ABSOLUTE
    _printf_truncate_signed                  0x00000000   Number         0  stubs.o ABSOLUTE
    _printf_truncate_unsigned                0x00000000   Number         0  stubs.o ABSOLUTE
    _printf_u                                0x00000000   Number         0  stubs.o ABSOLUTE
    _printf_wc                               0x00000000   Number         0  stubs.o ABSOLUTE
    _printf_wctomb                           0x00000000   Number         0  stubs.o ABSOLUTE
    _printf_widthprec                        0x00000000   Number         0  stubs.o ABSOLUTE
    _printf_x                                0x00000000   Number         0  stubs.o ABSOLUTE
    __cpp_initialize__aeabi_                  - Undefined Weak Reference
    __cxa_finalize                            - Undefined Weak Reference
    __decompress                              - Undefined Weak Reference
    _clock_init                               - Undefined Weak Reference
    _microlib_exit                            - Undefined Weak Reference
    _scanf_int                                - Undefined Weak Reference
    _scanf_longlong                           - Undefined Weak Reference
    _scanf_string                             - Undefined Weak Reference
    __Vectors_Size                           0x00000130   Number         0  startup_stm32f103xe.o ABSOLUTE
    __Vectors                                0x08000000   Data           4  startup_stm32f103xe.o(RESET)
    __Vectors_End                            0x08000130   Data           0  startup_stm32f103xe.o(RESET)
    __main                                   0x08000131   Thumb Code     0  entry.o(.ARM.Collect$$$$00000000)
    _main_stk                                0x08000131   Thumb Code     0  entry2.o(.ARM.Collect$$$$00000001)
    _main_scatterload                        0x08000135   Thumb Code     0  entry5.o(.ARM.Collect$$$$00000004)
    __main_after_scatterload                 0x08000139   Thumb Code     0  entry5.o(.ARM.Collect$$$$00000004)
    _main_clock                              0x08000139   Thumb Code     0  entry7b.o(.ARM.Collect$$$$00000008)
    _main_cpp_init                           0x08000139   Thumb Code     0  entry8b.o(.ARM.Collect$$$$0000000A)
    _main_init                               0x08000139   Thumb Code     0  entry9a.o(.ARM.Collect$$$$0000000B)
    __rt_final_cpp                           0x08000141   Thumb Code     0  entry10a.o(.ARM.Collect$$$$0000000D)
    __rt_final_exit                          0x08000141   Thumb Code     0  entry11a.o(.ARM.Collect$$$$0000000F)
    Reset_Handler                            0x08000145   Thumb Code     8  startup_stm32f103xe.o(.text)
    ADC1_2_IRQHandler                        0x0800015f   Thumb Code     0  startup_stm32f103xe.o(.text)
    ADC3_IRQHandler                          0x0800015f   Thumb Code     0  startup_stm32f103xe.o(.text)
    CAN1_RX1_IRQHandler                      0x0800015f   Thumb Code     0  startup_stm32f103xe.o(.text)
    CAN1_SCE_IRQHandler                      0x0800015f   Thumb Code     0  startup_stm32f103xe.o(.text)
    DMA1_Channel1_IRQHandler                 0x0800015f   Thumb Code     0  startup_stm32f103xe.o(.text)
    DMA1_Channel2_IRQHandler                 0x0800015f   Thumb Code     0  startup_stm32f103xe.o(.text)
    DMA1_Channel3_IRQHandler                 0x0800015f   Thumb Code     0  startup_stm32f103xe.o(.text)
    DMA1_Channel6_IRQHandler                 0x0800015f   Thumb Code     0  startup_stm32f103xe.o(.text)
    DMA1_Channel7_IRQHandler                 0x0800015f   Thumb Code     0  startup_stm32f103xe.o(.text)
    DMA2_Channel1_IRQHandler                 0x0800015f   Thumb Code     0  startup_stm32f103xe.o(.text)
    DMA2_Channel2_IRQHandler                 0x0800015f   Thumb Code     0  startup_stm32f103xe.o(.text)
    EXTI0_IRQHandler                         0x0800015f   Thumb Code     0  startup_stm32f103xe.o(.text)
    EXTI15_10_IRQHandler                     0x0800015f   Thumb Code     0  startup_stm32f103xe.o(.text)
    EXTI1_IRQHandler                         0x0800015f   Thumb Code     0  startup_stm32f103xe.o(.text)
    EXTI2_IRQHandler                         0x0800015f   Thumb Code     0  startup_stm32f103xe.o(.text)
    EXTI3_IRQHandler                         0x0800015f   Thumb Code     0  startup_stm32f103xe.o(.text)
    EXTI4_IRQHandler                         0x0800015f   Thumb Code     0  startup_stm32f103xe.o(.text)
    EXTI9_5_IRQHandler                       0x0800015f   Thumb Code     0  startup_stm32f103xe.o(.text)
    FLASH_IRQHandler                         0x0800015f   Thumb Code     0  startup_stm32f103xe.o(.text)
    FSMC_IRQHandler                          0x0800015f   Thumb Code     0  startup_stm32f103xe.o(.text)
    I2C1_ER_IRQHandler                       0x0800015f   Thumb Code     0  startup_stm32f103xe.o(.text)
    I2C1_EV_IRQHandler                       0x0800015f   Thumb Code     0  startup_stm32f103xe.o(.text)
    I2C2_ER_IRQHandler                       0x0800015f   Thumb Code     0  startup_stm32f103xe.o(.text)
    I2C2_EV_IRQHandler                       0x0800015f   Thumb Code     0  startup_stm32f103xe.o(.text)
    PVD_IRQHandler                           0x0800015f   Thumb Code     0  startup_stm32f103xe.o(.text)
    RCC_IRQHandler                           0x0800015f   Thumb Code     0  startup_stm32f103xe.o(.text)
    RTC_Alarm_IRQHandler                     0x0800015f   Thumb Code     0  startup_stm32f103xe.o(.text)
    RTC_IRQHandler                           0x0800015f   Thumb Code     0  startup_stm32f103xe.o(.text)
    SDIO_IRQHandler                          0x0800015f   Thumb Code     0  startup_stm32f103xe.o(.text)
    SPI1_IRQHandler                          0x0800015f   Thumb Code     0  startup_stm32f103xe.o(.text)
    SPI2_IRQHandler                          0x0800015f   Thumb Code     0  startup_stm32f103xe.o(.text)
    SPI3_IRQHandler                          0x0800015f   Thumb Code     0  startup_stm32f103xe.o(.text)
    TAMPER_IRQHandler                        0x0800015f   Thumb Code     0  startup_stm32f103xe.o(.text)
    TIM1_BRK_IRQHandler                      0x0800015f   Thumb Code     0  startup_stm32f103xe.o(.text)
    TIM1_CC_IRQHandler                       0x0800015f   Thumb Code     0  startup_stm32f103xe.o(.text)
    TIM1_TRG_COM_IRQHandler                  0x0800015f   Thumb Code     0  startup_stm32f103xe.o(.text)
    TIM1_UP_IRQHandler                       0x0800015f   Thumb Code     0  startup_stm32f103xe.o(.text)
    TIM2_IRQHandler                          0x0800015f   Thumb Code     0  startup_stm32f103xe.o(.text)
    TIM3_IRQHandler                          0x0800015f   Thumb Code     0  startup_stm32f103xe.o(.text)
    TIM4_IRQHandler                          0x0800015f   Thumb Code     0  startup_stm32f103xe.o(.text)
    TIM5_IRQHandler                          0x0800015f   Thumb Code     0  startup_stm32f103xe.o(.text)
    TIM7_IRQHandler                          0x0800015f   Thumb Code     0  startup_stm32f103xe.o(.text)
    TIM8_BRK_IRQHandler                      0x0800015f   Thumb Code     0  startup_stm32f103xe.o(.text)
    TIM8_CC_IRQHandler                       0x0800015f   Thumb Code     0  startup_stm32f103xe.o(.text)
    TIM8_TRG_COM_IRQHandler                  0x0800015f   Thumb Code     0  startup_stm32f103xe.o(.text)
    TIM8_UP_IRQHandler                       0x0800015f   Thumb Code     0  startup_stm32f103xe.o(.text)
    UART5_IRQHandler                         0x0800015f   Thumb Code     0  startup_stm32f103xe.o(.text)
    USART2_IRQHandler                        0x0800015f   Thumb Code     0  startup_stm32f103xe.o(.text)
    USART3_IRQHandler                        0x0800015f   Thumb Code     0  startup_stm32f103xe.o(.text)
    USBWakeUp_IRQHandler                     0x0800015f   Thumb Code     0  startup_stm32f103xe.o(.text)
    USB_HP_CAN1_TX_IRQHandler                0x0800015f   Thumb Code     0  startup_stm32f103xe.o(.text)
    USB_LP_CAN1_RX0_IRQHandler               0x0800015f   Thumb Code     0  startup_stm32f103xe.o(.text)
    WWDG_IRQHandler                          0x0800015f   Thumb Code     0  startup_stm32f103xe.o(.text)
    __aeabi_llsr                             0x08000169   Thumb Code    32  llushr.o(.text)
    _ll_ushift_r                             0x08000169   Thumb Code     0  llushr.o(.text)
    tolower                                  0x08000189   Thumb Code    12  tolower.o(.text)
    __aeabi_memcpy                           0x08000195   Thumb Code    36  memcpya.o(.text)
    __aeabi_memcpy4                          0x08000195   Thumb Code     0  memcpya.o(.text)
    __aeabi_memcpy8                          0x08000195   Thumb Code     0  memcpya.o(.text)
    __aeabi_memset                           0x080001b9   Thumb Code    14  memseta.o(.text)
    __aeabi_memset4                          0x080001b9   Thumb Code     0  memseta.o(.text)
    __aeabi_memset8                          0x080001b9   Thumb Code     0  memseta.o(.text)
    __aeabi_memclr                           0x080001c7   Thumb Code     4  memseta.o(.text)
    __aeabi_memclr4                          0x080001c7   Thumb Code     0  memseta.o(.text)
    __aeabi_memclr8                          0x080001c7   Thumb Code     0  memseta.o(.text)
    _memset$wrapper                          0x080001cb   Thumb Code    18  memseta.o(.text)
    strstr                                   0x080001dd   Thumb Code    36  strstr.o(.text)
    strchr                                   0x08000201   Thumb Code    20  strchr.o(.text)
    strlen                                   0x08000215   Thumb Code    14  strlen.o(.text)
    strcmp                                   0x08000223   Thumb Code    28  strcmp.o(.text)
    strncmp                                  0x0800023f   Thumb Code    30  strncmp.o(.text)
    strrchr                                  0x0800025d   Thumb Code    32  strrchr.o(.text)
    _scanf_real                              0x080003a5   Thumb Code     0  scanf_fp.o(.text)
    _scanf_really_real                       0x080003a5   Thumb Code   556  scanf_fp.o(.text)
    atoi                                     0x080005dd   Thumb Code    26  atoi.o(.text)
    __aeabi_dadd                             0x080005f7   Thumb Code   322  dadd.o(.text)
    __aeabi_dsub                             0x08000739   Thumb Code     6  dadd.o(.text)
    __aeabi_drsub                            0x0800073f   Thumb Code     6  dadd.o(.text)
    __aeabi_d2iz                             0x08000745   Thumb Code    62  dfixi.o(.text)
    __aeabi_cdcmpeq                          0x08000785   Thumb Code     0  cdcmple.o(.text)
    __aeabi_cdcmple                          0x08000785   Thumb Code    48  cdcmple.o(.text)
    __aeabi_cdrcmple                         0x080007b5   Thumb Code    48  cdrcmple.o(.text)
    __aeabi_uidiv                            0x080007e5   Thumb Code     0  uidiv.o(.text)
    __aeabi_uidivmod                         0x080007e5   Thumb Code    44  uidiv.o(.text)
    __aeabi_uldivmod                         0x08000811   Thumb Code    98  uldiv.o(.text)
    __aeabi_llsl                             0x08000873   Thumb Code    30  llshl.o(.text)
    _ll_shift_l                              0x08000873   Thumb Code     0  llshl.o(.text)
    __aeabi_lasr                             0x08000891   Thumb Code    36  llsshr.o(.text)
    _ll_sshift_r                             0x08000891   Thumb Code     0  llsshr.o(.text)
    _sgetc                                   0x080008b5   Thumb Code    30  _sgetc.o(.text)
    _sbackspace                              0x080008d3   Thumb Code    34  _sgetc.o(.text)
    __strtod_int                             0x0800092b   Thumb Code    90  strtod.o(.text)
    strtol                                   0x08000991   Thumb Code   112  strtol.o(.text)
    __I$use$fp                               0x08000a01   Thumb Code     0  iusefp.o(.text)
    _double_round                            0x08000a01   Thumb Code    30  depilogue.o(.text)
    _double_epilogue                         0x08000a1f   Thumb Code   156  depilogue.o(.text)
    __aeabi_dmul                             0x08000abb   Thumb Code   228  dmul.o(.text)
    __aeabi_ddiv                             0x08000b9f   Thumb Code   222  ddiv.o(.text)
    __aeabi_ul2d                             0x08000c7d   Thumb Code    24  dfltul.o(.text)
    __aeabi_d2ulz                            0x08000c95   Thumb Code    48  dfixul.o(.text)
    __aeabi_d2f                              0x08000cc5   Thumb Code    56  d2f.o(.text)
    __scatterload                            0x08000cfd   Thumb Code    28  init.o(.text)
    __scatterload_rt2                        0x08000cfd   Thumb Code     0  init.o(.text)
    __rt_ctype_table                         0x08000d21   Thumb Code     4  ctype_o.o(.text)
    isspace                                  0x08000d29   Thumb Code    18  isspace_o.o(.text)
    _strtoul                                 0x08000d3b   Thumb Code   158  _strtoul.o(.text)
    _float_round                             0x08000dd9   Thumb Code    18  fepilogue.o(.text)
    _float_epilogue                          0x08000deb   Thumb Code    92  fepilogue.o(.text)
    _chval                                   0x08000e47   Thumb Code    28  _chval.o(.text)
    BusFault_Handler                         0x08000e63   Thumb Code     2  stm32f1xx_it.o(i.BusFault_Handler)
    DMA1_Channel4_IRQHandler                 0x08000e65   Thumb Code     6  stm32f1xx_it.o(i.DMA1_Channel4_IRQHandler)
    DMA1_Channel5_IRQHandler                 0x08000e71   Thumb Code     6  stm32f1xx_it.o(i.DMA1_Channel5_IRQHandler)
    DMA2_Channel3_IRQHandler                 0x08000e7d   Thumb Code     6  stm32f1xx_it.o(i.DMA2_Channel3_IRQHandler)
    DMA2_Channel4_5_IRQHandler               0x08000e89   Thumb Code     6  stm32f1xx_it.o(i.DMA2_Channel4_5_IRQHandler)
    DebugMon_Handler                         0x08000ebf   Thumb Code     2  stm32f1xx_it.o(i.DebugMon_Handler)
    Error_Handler                            0x08000ec1   Thumb Code     4  main.o(i.Error_Handler)
    HAL_DMA_Abort                            0x08000ec5   Thumb Code    70  stm32f1xx_hal_dma.o(i.HAL_DMA_Abort)
    HAL_DMA_Abort_IT                         0x08000f0d   Thumb Code   296  stm32f1xx_hal_dma.o(i.HAL_DMA_Abort_IT)
    HAL_DMA_IRQHandler                       0x0800103d   Thumb Code   552  stm32f1xx_hal_dma.o(i.HAL_DMA_IRQHandler)
    HAL_DMA_Init                             0x08001285   Thumb Code   112  stm32f1xx_hal_dma.o(i.HAL_DMA_Init)
    HAL_DMA_Start_IT                         0x08001301   Thumb Code   112  stm32f1xx_hal_dma.o(i.HAL_DMA_Start_IT)
    HAL_Delay                                0x08001371   Thumb Code    32  stm32f1xx_hal.o(i.HAL_Delay)
    HAL_GPIO_Init                            0x08001395   Thumb Code   462  stm32f1xx_hal_gpio.o(i.HAL_GPIO_Init)
    HAL_GPIO_ReadPin                         0x0800158d   Thumb Code    10  stm32f1xx_hal_gpio.o(i.HAL_GPIO_ReadPin)
    HAL_GPIO_TogglePin                       0x08001597   Thumb Code    16  stm32f1xx_hal_gpio.o(i.HAL_GPIO_TogglePin)
    HAL_GPIO_WritePin                        0x080015a7   Thumb Code    10  stm32f1xx_hal_gpio.o(i.HAL_GPIO_WritePin)
    HAL_GetTick                              0x080015b1   Thumb Code     6  stm32f1xx_hal.o(i.HAL_GetTick)
    HAL_IncTick                              0x080015bd   Thumb Code    12  stm32f1xx_hal.o(i.HAL_IncTick)
    HAL_Init                                 0x080015cd   Thumb Code    32  stm32f1xx_hal.o(i.HAL_Init)
    HAL_InitTick                             0x080015f1   Thumb Code    54  stm32f1xx_hal.o(i.HAL_InitTick)
    HAL_MspInit                              0x08001631   Thumb Code    52  stm32f1xx_hal_msp.o(i.HAL_MspInit)
    HAL_NVIC_EnableIRQ                       0x0800166d   Thumb Code    26  stm32f1xx_hal_cortex.o(i.HAL_NVIC_EnableIRQ)
    HAL_NVIC_SetPriority                     0x08001689   Thumb Code    60  stm32f1xx_hal_cortex.o(i.HAL_NVIC_SetPriority)
    HAL_NVIC_SetPriorityGrouping             0x080016c9   Thumb Code    26  stm32f1xx_hal_cortex.o(i.HAL_NVIC_SetPriorityGrouping)
    HAL_RCC_ClockConfig                      0x080016ed   Thumb Code   280  stm32f1xx_hal_rcc.o(i.HAL_RCC_ClockConfig)
    HAL_RCC_GetPCLK1Freq                     0x08001819   Thumb Code    20  stm32f1xx_hal_rcc.o(i.HAL_RCC_GetPCLK1Freq)
    HAL_RCC_GetPCLK2Freq                     0x08001839   Thumb Code    20  stm32f1xx_hal_rcc.o(i.HAL_RCC_GetPCLK2Freq)
    HAL_RCC_GetSysClockFreq                  0x08001859   Thumb Code    58  stm32f1xx_hal_rcc.o(i.HAL_RCC_GetSysClockFreq)
    HAL_RCC_OscConfig                        0x080018a5   Thumb Code   778  stm32f1xx_hal_rcc.o(i.HAL_RCC_OscConfig)
    HAL_SYSTICK_Config                       0x08001bc5   Thumb Code    40  stm32f1xx_hal_cortex.o(i.HAL_SYSTICK_Config)
    HAL_TIMEx_BreakCallback                  0x08001bed   Thumb Code     2  stm32f1xx_hal_tim_ex.o(i.HAL_TIMEx_BreakCallback)
    HAL_TIMEx_CommutCallback                 0x08001bef   Thumb Code     2  stm32f1xx_hal_tim_ex.o(i.HAL_TIMEx_CommutCallback)
    HAL_TIMEx_MasterConfigSynchronization    0x08001bf1   Thumb Code   104  stm32f1xx_hal_tim_ex.o(i.HAL_TIMEx_MasterConfigSynchronization)
    HAL_TIM_Base_Init                        0x08001c6d   Thumb Code    90  stm32f1xx_hal_tim.o(i.HAL_TIM_Base_Init)
    HAL_TIM_Base_MspInit                     0x08001cc9   Thumb Code    50  tim.o(i.HAL_TIM_Base_MspInit)
    HAL_TIM_Base_Start_IT                    0x08001d05   Thumb Code    88  stm32f1xx_hal_tim.o(i.HAL_TIM_Base_Start_IT)
    HAL_TIM_IC_CaptureCallback               0x08001d71   Thumb Code     2  stm32f1xx_hal_tim.o(i.HAL_TIM_IC_CaptureCallback)
    HAL_TIM_IRQHandler                       0x08001d73   Thumb Code   304  stm32f1xx_hal_tim.o(i.HAL_TIM_IRQHandler)
    HAL_TIM_OC_DelayElapsedCallback          0x08001ea3   Thumb Code     2  stm32f1xx_hal_tim.o(i.HAL_TIM_OC_DelayElapsedCallback)
    HAL_TIM_PWM_PulseFinishedCallback        0x08001ea5   Thumb Code     2  stm32f1xx_hal_tim.o(i.HAL_TIM_PWM_PulseFinishedCallback)
    HAL_TIM_PeriodElapsedCallback            0x08001ea9   Thumb Code    16  timer_handler.o(i.HAL_TIM_PeriodElapsedCallback)
    HAL_TIM_TriggerCallback                  0x08001ec1   Thumb Code     2  stm32f1xx_hal_tim.o(i.HAL_TIM_TriggerCallback)
    HAL_UARTEx_RxEventCallback               0x08001ec3   Thumb Code     2  stm32f1xx_hal_uart.o(i.HAL_UARTEx_RxEventCallback)
    HAL_UART_DMAStop                         0x08001ec5   Thumb Code   112  stm32f1xx_hal_uart.o(i.HAL_UART_DMAStop)
    HAL_UART_ErrorCallback                   0x08001f35   Thumb Code     2  stm32f1xx_hal_uart.o(i.HAL_UART_ErrorCallback)
    HAL_UART_IRQHandler                      0x08001f39   Thumb Code   616  stm32f1xx_hal_uart.o(i.HAL_UART_IRQHandler)
    HAL_UART_Init                            0x080021a5   Thumb Code   100  stm32f1xx_hal_uart.o(i.HAL_UART_Init)
    HAL_UART_MspInit                         0x08002209   Thumb Code   374  usart.o(i.HAL_UART_MspInit)
    HAL_UART_Receive_DMA                     0x080023a1   Thumb Code    28  stm32f1xx_hal_uart.o(i.HAL_UART_Receive_DMA)
    HAL_UART_RxCpltCallback                  0x080023bd   Thumb Code     2  stm32f1xx_hal_uart.o(i.HAL_UART_RxCpltCallback)
    HAL_UART_RxHalfCpltCallback              0x080023bf   Thumb Code     2  stm32f1xx_hal_uart.o(i.HAL_UART_RxHalfCpltCallback)
    HAL_UART_Transmit                        0x080023c1   Thumb Code   160  stm32f1xx_hal_uart.o(i.HAL_UART_Transmit)
    HAL_UART_Transmit_DMA                    0x08002461   Thumb Code   106  stm32f1xx_hal_uart.o(i.HAL_UART_Transmit_DMA)
    HAL_UART_TxCpltCallback                  0x080024d9   Thumb Code     2  stm32f1xx_hal_uart.o(i.HAL_UART_TxCpltCallback)
    HAL_UART_TxHalfCpltCallback              0x080024db   Thumb Code     2  stm32f1xx_hal_uart.o(i.HAL_UART_TxHalfCpltCallback)
    HardFault_Handler                        0x080024dd   Thumb Code     2  stm32f1xx_it.o(i.HardFault_Handler)
    MX_DMA_Init                              0x080024e1   Thumb Code   104  dma.o(i.MX_DMA_Init)
    MX_GPIO_Init                             0x0800254d   Thumb Code   118  gpio.o(i.MX_GPIO_Init)
    MX_TIM6_Init                             0x080025d1   Thumb Code    62  tim.o(i.MX_TIM6_Init)
    MX_UART4_Init                            0x08002619   Thumb Code    48  usart.o(i.MX_UART4_Init)
    MX_USART1_UART_Init                      0x08002651   Thumb Code    48  usart.o(i.MX_USART1_UART_Init)
    MemManage_Handler                        0x08002689   Thumb Code     2  stm32f1xx_it.o(i.MemManage_Handler)
    NMI_Handler                              0x0800268b   Thumb Code     2  stm32f1xx_it.o(i.NMI_Handler)
    PendSV_Handler                           0x0800268d   Thumb Code     2  stm32f1xx_it.o(i.PendSV_Handler)
    SVC_Handler                              0x0800268f   Thumb Code     2  stm32f1xx_it.o(i.SVC_Handler)
    SysTick_Handler                          0x08002691   Thumb Code     4  stm32f1xx_it.o(i.SysTick_Handler)
    SystemClock_Config                       0x08002695   Thumb Code    94  main.o(i.SystemClock_Config)
    SystemInit                               0x080026f3   Thumb Code     2  system_stm32f1xx.o(i.SystemInit)
    TIM6_IRQHandler                          0x080026f5   Thumb Code     6  stm32f1xx_it.o(i.TIM6_IRQHandler)
    TIM_Base_SetConfig                       0x08002701   Thumb Code   134  stm32f1xx_hal_tim.o(i.TIM_Base_SetConfig)
    UART4_IDLEHandler                        0x0800279d   Thumb Code    78  esp8266_driver.o(i.UART4_IDLEHandler)
    UART4_IRQHandler                         0x08002801   Thumb Code    16  stm32f1xx_it.o(i.UART4_IRQHandler)
    UART_Start_Receive_DMA                   0x08002b45   Thumb Code   130  stm32f1xx_hal_uart.o(i.UART_Start_Receive_DMA)
    USART1_IDLEHandler                       0x08002c49   Thumb Code    68  usart_driver.o(i.USART1_IDLEHandler)
    USART1_IRQHandler                        0x08002ca1   Thumb Code    16  stm32f1xx_it.o(i.USART1_IRQHandler)
    UsageFault_Handler                       0x08002cb5   Thumb Code     2  stm32f1xx_it.o(i.UsageFault_Handler)
    __0printf                                0x08002cb9   Thumb Code    22  printfa.o(i.__0printf)
    __1printf                                0x08002cb9   Thumb Code     0  printfa.o(i.__0printf)
    __2printf                                0x08002cb9   Thumb Code     0  printfa.o(i.__0printf)
    __c89printf                              0x08002cb9   Thumb Code     0  printfa.o(i.__0printf)
    printf                                   0x08002cb9   Thumb Code     0  printfa.o(i.__0printf)
    __0sprintf                               0x08002cd9   Thumb Code    34  printfa.o(i.__0sprintf)
    __1sprintf                               0x08002cd9   Thumb Code     0  printfa.o(i.__0sprintf)
    __2sprintf                               0x08002cd9   Thumb Code     0  printfa.o(i.__0sprintf)
    __c89sprintf                             0x08002cd9   Thumb Code     0  printfa.o(i.__0sprintf)
    sprintf                                  0x08002cd9   Thumb Code     0  printfa.o(i.__0sprintf)
    __aeabi_errno_addr                       0x08002d21   Thumb Code     4  errno.o(i.__aeabi_errno_addr)
    __rt_errno_addr                          0x08002d21   Thumb Code     0  errno.o(i.__aeabi_errno_addr)
    free                                     0x08002d29   Thumb Code    88  mallocr.o(i.__free$realloc)
    malloc                                   0x08002d85   Thumb Code    64  mallocr.o(i.__malloc$realloc)
    __scatterload_copy                       0x08002dd5   Thumb Code    14  handlers.o(i.__scatterload_copy)
    __scatterload_null                       0x08002de3   Thumb Code     2  handlers.o(i.__scatterload_null)
    __scatterload_zeroinit                   0x08002de5   Thumb Code    14  handlers.o(i.__scatterload_zeroinit)
    _is_digit                                0x08002f79   Thumb Code    14  scanf_fp.o(i._is_digit)
    cJSON_Delete                             0x080036f1   Thumb Code    76  cjson.o(i.cJSON_Delete)
    cJSON_GetErrorPtr                        0x08003741   Thumb Code    10  cjson.o(i.cJSON_GetErrorPtr)
    cJSON_GetObjectItem                      0x08003751   Thumb Code     6  cjson.o(i.cJSON_GetObjectItem)
    cJSON_IsNumber                           0x08003757   Thumb Code    18  cjson.o(i.cJSON_IsNumber)
    cJSON_IsString                           0x08003769   Thumb Code    18  cjson.o(i.cJSON_IsString)
    cJSON_Parse                              0x08003791   Thumb Code     8  cjson.o(i.cJSON_Parse)
    cJSON_ParseWithLengthOpts                0x08003799   Thumb Code   210  cjson.o(i.cJSON_ParseWithLengthOpts)
    cJSON_ParseWithOpts                      0x08003875   Thumb Code    34  cjson.o(i.cJSON_ParseWithOpts)
    change_led                               0x08003899   Thumb Code    90  led_control.o(i.change_led)
    check_and_report_status                  0x080038f9   Thumb Code    28  timer_handler.o(i.check_and_report_status)
    esp8266_init                             0x08003919   Thumb Code   120  esp8266_driver.o(i.esp8266_init)
    fputc                                    0x08003a01   Thumb Code    18  usart_driver.o(i.fputc)
    get_led_tim                              0x08003a19   Thumb Code     6  led_control.o(i.get_led_tim)
    key_init                                 0x08003af1   Thumb Code    12  key_handler.o(i.key_init)
    key_press_handler                        0x08003b01   Thumb Code    14  key_handler.o(i.key_press_handler)
    led_init                                 0x08003b15   Thumb Code     6  led_control.o(i.led_init)
    led_tim_set                              0x08003b1d   Thumb Code    26  led_control.o(i.led_tim_set)
    main                                     0x08003b3d   Thumb Code   144  main.o(i.main)
    parse_json_str_command                   0x08003cf9   Thumb Code   572  cloud_interface.o(i.parse_json_str_command)
    process_command                          0x080045e5   Thumb Code   186  usart_driver.o(i.process_command)
    process_esp8266_response                 0x08004731   Thumb Code   224  esp8266_driver.o(i.process_esp8266_response)
    read_current_led_state                   0x08004979   Thumb Code    48  led_control.o(i.read_current_led_state)
    realloc                                  0x080049ad   Thumb Code   102  mallocr.o(i.realloc)
    report_device_status                     0x08004a19   Thumb Code   108  cloud_interface.o(i.report_device_status)
    report_single_param                      0x08004ad9   Thumb Code    60  cloud_interface.o(i.report_single_param)
    reset_key_state                          0x08004b41   Thumb Code     8  key_handler.o(i.reset_key_state)
    send_cmd                                 0x08004b4d   Thumb Code    38  esp8266_driver.o(i.send_cmd)
    strtod                                   0x08005001   Thumb Code    28  strtod.o(i.strtod)
    AHBPrescTable                            0x08005100   Data          16  system_stm32f1xx.o(.constdata)
    APBPrescTable                            0x08005110   Data           8  system_stm32f1xx.o(.constdata)
    __ctype_table                            0x08005118   Data         129  ctype_o.o(.constdata)
    Region$$Table$$Base                      0x080053c0   Number         0  anon$$obj.o(Region$$Table)
    Region$$Table$$Limit                     0x080053e0   Number         0  anon$$obj.o(Region$$Table)
    wifi_rx_state                            0x20000000   Data           1  main.o(.data)
    system_tick                              0x2000006c   Data           4  timer_handler.o(.data)
    last_uart_rx_time                        0x20000074   Data           4  timer_handler.o(.data)
    uwTickFreq                               0x20000078   Data           1  stm32f1xx_hal.o(.data)
    uwTickPrio                               0x2000007c   Data           4  stm32f1xx_hal.o(.data)
    uwTick                                   0x20000080   Data           4  stm32f1xx_hal.o(.data)
    SystemCoreClock                          0x20000084   Data           4  system_stm32f1xx.o(.data)
    __stdout                                 0x20000088   Data           4  stdout.o(.data)
    __microlib_freelist                      0x2000008c   Data           4  mvars.o(.data)
    __microlib_freelist_initialised          0x20000090   Data           4  mvars.o(.data)
    rx_buf                                   0x20000098   Data         256  main.o(.bss)
    rx4_buf                                  0x20000198   Data         256  main.o(.bss)
    uart4_wifi_dma_rx_buf                    0x20000298   Data         256  main.o(.bss)
    htim6                                    0x20000398   Data          72  tim.o(.bss)
    huart4                                   0x200003e0   Data          72  usart.o(.bss)
    huart1                                   0x20000428   Data          72  usart.o(.bss)
    hdma_uart4_rx                            0x20000470   Data          68  usart.o(.bss)
    hdma_uart4_tx                            0x200004b4   Data          68  usart.o(.bss)
    hdma_usart1_tx                           0x200004f8   Data          68  usart.o(.bss)
    hdma_usart1_rx                           0x2000053c   Data          68  usart.o(.bss)
    __heap_base                              0x20000580   Data           0  startup_stm32f103xe.o(HEAP)
    __heap_limit                             0x20001580   Data           0  startup_stm32f103xe.o(HEAP)
    __initial_sp                             0x20001980   Data           0  startup_stm32f103xe.o(STACK)



==============================================================================

Memory Map of the image

  Image Entry point : 0x08000131

  Load Region LR_IROM1 (Base: 0x08000000, Size: 0x00005478, Max: 0x00040000, ABSOLUTE)

    Execution Region ER_IROM1 (Exec base: 0x08000000, Load base: 0x08000000, Size: 0x000053e0, Max: 0x00040000, ABSOLUTE)

    Exec Addr    Load Addr    Size         Type   Attr      Idx    E Section Name        Object

    0x08000000   0x08000000   0x00000130   Data   RO            3    RESET               startup_stm32f103xe.o
    0x08000130   0x08000130   0x00000000   Code   RO         3817  * .ARM.Collect$$$$00000000  mc_w.l(entry.o)
    0x08000130   0x08000130   0x00000004   Code   RO         4157    .ARM.Collect$$$$00000001  mc_w.l(entry2.o)
    0x08000134   0x08000134   0x00000004   Code   RO         4160    .ARM.Collect$$$$00000004  mc_w.l(entry5.o)
    0x08000138   0x08000138   0x00000000   Code   RO         4162    .ARM.Collect$$$$00000008  mc_w.l(entry7b.o)
    0x08000138   0x08000138   0x00000000   Code   RO         4164    .ARM.Collect$$$$0000000A  mc_w.l(entry8b.o)
    0x08000138   0x08000138   0x00000008   Code   RO         4165    .ARM.Collect$$$$0000000B  mc_w.l(entry9a.o)
    0x08000140   0x08000140   0x00000000   Code   RO         4167    .ARM.Collect$$$$0000000D  mc_w.l(entry10a.o)
    0x08000140   0x08000140   0x00000000   Code   RO         4169    .ARM.Collect$$$$0000000F  mc_w.l(entry11a.o)
    0x08000140   0x08000140   0x00000004   Code   RO         4158    .ARM.Collect$$$$00002712  mc_w.l(entry2.o)
    0x08000144   0x08000144   0x00000024   Code   RO            4    .text               startup_stm32f103xe.o
    0x08000168   0x08000168   0x00000020   Code   RO         3820    .text               mc_w.l(llushr.o)
    0x08000188   0x08000188   0x0000000c   Code   RO         3822    .text               mc_w.l(tolower.o)
    0x08000194   0x08000194   0x00000024   Code   RO         3824    .text               mc_w.l(memcpya.o)
    0x080001b8   0x080001b8   0x00000024   Code   RO         3826    .text               mc_w.l(memseta.o)
    0x080001dc   0x080001dc   0x00000024   Code   RO         3828    .text               mc_w.l(strstr.o)
    0x08000200   0x08000200   0x00000014   Code   RO         3830    .text               mc_w.l(strchr.o)
    0x08000214   0x08000214   0x0000000e   Code   RO         3832    .text               mc_w.l(strlen.o)
    0x08000222   0x08000222   0x0000001c   Code   RO         3834    .text               mc_w.l(strcmp.o)
    0x0800023e   0x0800023e   0x0000001e   Code   RO         3838    .text               mc_w.l(strncmp.o)
    0x0800025c   0x0800025c   0x00000020   Code   RO         3840    .text               mc_w.l(strrchr.o)
    0x0800027c   0x0800027c   0x00000360   Code   RO         4135    .text               mc_w.l(scanf_fp.o)
    0x080005dc   0x080005dc   0x0000001a   Code   RO         4139    .text               mc_w.l(atoi.o)
    0x080005f6   0x080005f6   0x0000014e   Code   RO         4141    .text               mf_w.l(dadd.o)
    0x08000744   0x08000744   0x0000003e   Code   RO         4149    .text               mf_w.l(dfixi.o)
    0x08000782   0x08000782   0x00000002   PAD
    0x08000784   0x08000784   0x00000030   Code   RO         4153    .text               mf_w.l(cdcmple.o)
    0x080007b4   0x080007b4   0x00000030   Code   RO         4155    .text               mf_w.l(cdrcmple.o)
    0x080007e4   0x080007e4   0x0000002c   Code   RO         4172    .text               mc_w.l(uidiv.o)
    0x08000810   0x08000810   0x00000062   Code   RO         4174    .text               mc_w.l(uldiv.o)
    0x08000872   0x08000872   0x0000001e   Code   RO         4176    .text               mc_w.l(llshl.o)
    0x08000890   0x08000890   0x00000024   Code   RO         4178    .text               mc_w.l(llsshr.o)
    0x080008b4   0x080008b4   0x00000040   Code   RO         4191    .text               mc_w.l(_sgetc.o)
    0x080008f4   0x080008f4   0x0000009c   Code   RO         4193    .text               mc_w.l(strtod.o)
    0x08000990   0x08000990   0x00000070   Code   RO         4195    .text               mc_w.l(strtol.o)
    0x08000a00   0x08000a00   0x00000000   Code   RO         4197    .text               mc_w.l(iusefp.o)
    0x08000a00   0x08000a00   0x000000ba   Code   RO         4198    .text               mf_w.l(depilogue.o)
    0x08000aba   0x08000aba   0x000000e4   Code   RO         4200    .text               mf_w.l(dmul.o)
    0x08000b9e   0x08000b9e   0x000000de   Code   RO         4202    .text               mf_w.l(ddiv.o)
    0x08000c7c   0x08000c7c   0x00000018   Code   RO         4204    .text               mf_w.l(dfltul.o)
    0x08000c94   0x08000c94   0x00000030   Code   RO         4206    .text               mf_w.l(dfixul.o)
    0x08000cc4   0x08000cc4   0x00000038   Code   RO         4208    .text               mf_w.l(d2f.o)
    0x08000cfc   0x08000cfc   0x00000024   Code   RO         4210    .text               mc_w.l(init.o)
    0x08000d20   0x08000d20   0x00000008   Code   RO         4214    .text               mc_w.l(ctype_o.o)
    0x08000d28   0x08000d28   0x00000012   Code   RO         4236    .text               mc_w.l(isspace_o.o)
    0x08000d3a   0x08000d3a   0x0000009e   Code   RO         4244    .text               mc_w.l(_strtoul.o)
    0x08000dd8   0x08000dd8   0x0000006e   Code   RO         4246    .text               mf_w.l(fepilogue.o)
    0x08000e46   0x08000e46   0x0000001c   Code   RO         4251    .text               mc_w.l(_chval.o)
    0x08000e62   0x08000e62   0x00000002   Code   RO          332    i.BusFault_Handler  stm32f1xx_it.o
    0x08000e64   0x08000e64   0x0000000c   Code   RO          333    i.DMA1_Channel4_IRQHandler  stm32f1xx_it.o
    0x08000e70   0x08000e70   0x0000000c   Code   RO          334    i.DMA1_Channel5_IRQHandler  stm32f1xx_it.o
    0x08000e7c   0x08000e7c   0x0000000c   Code   RO          335    i.DMA2_Channel3_IRQHandler  stm32f1xx_it.o
    0x08000e88   0x08000e88   0x0000000c   Code   RO          336    i.DMA2_Channel4_5_IRQHandler  stm32f1xx_it.o
    0x08000e94   0x08000e94   0x0000002a   Code   RO         2818    i.DMA_SetConfig     stm32f1xx_hal_dma.o
    0x08000ebe   0x08000ebe   0x00000002   Code   RO          337    i.DebugMon_Handler  stm32f1xx_it.o
    0x08000ec0   0x08000ec0   0x00000004   Code   RO           13    i.Error_Handler     main.o
    0x08000ec4   0x08000ec4   0x00000046   Code   RO         2819    i.HAL_DMA_Abort     stm32f1xx_hal_dma.o
    0x08000f0a   0x08000f0a   0x00000002   PAD
    0x08000f0c   0x08000f0c   0x00000130   Code   RO         2820    i.HAL_DMA_Abort_IT  stm32f1xx_hal_dma.o
    0x0800103c   0x0800103c   0x00000248   Code   RO         2824    i.HAL_DMA_IRQHandler  stm32f1xx_hal_dma.o
    0x08001284   0x08001284   0x0000007c   Code   RO         2825    i.HAL_DMA_Init      stm32f1xx_hal_dma.o
    0x08001300   0x08001300   0x00000070   Code   RO         2829    i.HAL_DMA_Start_IT  stm32f1xx_hal_dma.o
    0x08001370   0x08001370   0x00000024   Code   RO         2445    i.HAL_Delay         stm32f1xx_hal.o
    0x08001394   0x08001394   0x000001f8   Code   RO         2755    i.HAL_GPIO_Init     stm32f1xx_hal_gpio.o
    0x0800158c   0x0800158c   0x0000000a   Code   RO         2757    i.HAL_GPIO_ReadPin  stm32f1xx_hal_gpio.o
    0x08001596   0x08001596   0x00000010   Code   RO         2758    i.HAL_GPIO_TogglePin  stm32f1xx_hal_gpio.o
    0x080015a6   0x080015a6   0x0000000a   Code   RO         2759    i.HAL_GPIO_WritePin  stm32f1xx_hal_gpio.o
    0x080015b0   0x080015b0   0x0000000c   Code   RO         2449    i.HAL_GetTick       stm32f1xx_hal.o
    0x080015bc   0x080015bc   0x00000010   Code   RO         2455    i.HAL_IncTick       stm32f1xx_hal.o
    0x080015cc   0x080015cc   0x00000024   Code   RO         2456    i.HAL_Init          stm32f1xx_hal.o
    0x080015f0   0x080015f0   0x00000040   Code   RO         2457    i.HAL_InitTick      stm32f1xx_hal.o
    0x08001630   0x08001630   0x0000003c   Code   RO          450    i.HAL_MspInit       stm32f1xx_hal_msp.o
    0x0800166c   0x0800166c   0x0000001a   Code   RO         2915    i.HAL_NVIC_EnableIRQ  stm32f1xx_hal_cortex.o
    0x08001686   0x08001686   0x00000002   PAD
    0x08001688   0x08001688   0x00000040   Code   RO         2921    i.HAL_NVIC_SetPriority  stm32f1xx_hal_cortex.o
    0x080016c8   0x080016c8   0x00000024   Code   RO         2922    i.HAL_NVIC_SetPriorityGrouping  stm32f1xx_hal_cortex.o
    0x080016ec   0x080016ec   0x0000012c   Code   RO         2613    i.HAL_RCC_ClockConfig  stm32f1xx_hal_rcc.o
    0x08001818   0x08001818   0x00000020   Code   RO         2620    i.HAL_RCC_GetPCLK1Freq  stm32f1xx_hal_rcc.o
    0x08001838   0x08001838   0x00000020   Code   RO         2621    i.HAL_RCC_GetPCLK2Freq  stm32f1xx_hal_rcc.o
    0x08001858   0x08001858   0x0000004c   Code   RO         2622    i.HAL_RCC_GetSysClockFreq  stm32f1xx_hal_rcc.o
    0x080018a4   0x080018a4   0x00000320   Code   RO         2625    i.HAL_RCC_OscConfig  stm32f1xx_hal_rcc.o
    0x08001bc4   0x08001bc4   0x00000028   Code   RO         2926    i.HAL_SYSTICK_Config  stm32f1xx_hal_cortex.o
    0x08001bec   0x08001bec   0x00000002   Code   RO         2171    i.HAL_TIMEx_BreakCallback  stm32f1xx_hal_tim_ex.o
    0x08001bee   0x08001bee   0x00000002   Code   RO         2172    i.HAL_TIMEx_CommutCallback  stm32f1xx_hal_tim_ex.o
    0x08001bf0   0x08001bf0   0x0000007c   Code   RO         2190    i.HAL_TIMEx_MasterConfigSynchronization  stm32f1xx_hal_tim_ex.o
    0x08001c6c   0x08001c6c   0x0000005a   Code   RO         1467    i.HAL_TIM_Base_Init  stm32f1xx_hal_tim.o
    0x08001cc6   0x08001cc6   0x00000002   PAD
    0x08001cc8   0x08001cc8   0x0000003c   Code   RO          243    i.HAL_TIM_Base_MspInit  tim.o
    0x08001d04   0x08001d04   0x0000006c   Code   RO         1472    i.HAL_TIM_Base_Start_IT  stm32f1xx_hal_tim.o
    0x08001d70   0x08001d70   0x00000002   Code   RO         1501    i.HAL_TIM_IC_CaptureCallback  stm32f1xx_hal_tim.o
    0x08001d72   0x08001d72   0x00000130   Code   RO         1515    i.HAL_TIM_IRQHandler  stm32f1xx_hal_tim.o
    0x08001ea2   0x08001ea2   0x00000002   Code   RO         1518    i.HAL_TIM_OC_DelayElapsedCallback  stm32f1xx_hal_tim.o
    0x08001ea4   0x08001ea4   0x00000002   Code   RO         1545    i.HAL_TIM_PWM_PulseFinishedCallback  stm32f1xx_hal_tim.o
    0x08001ea6   0x08001ea6   0x00000002   PAD
    0x08001ea8   0x08001ea8   0x00000018   Code   RO         1392    i.HAL_TIM_PeriodElapsedCallback  timer_handler.o
    0x08001ec0   0x08001ec0   0x00000002   Code   RO         1558    i.HAL_TIM_TriggerCallback  stm32f1xx_hal_tim.o
    0x08001ec2   0x08001ec2   0x00000002   Code   RO         3427    i.HAL_UARTEx_RxEventCallback  stm32f1xx_hal_uart.o
    0x08001ec4   0x08001ec4   0x00000070   Code   RO         3439    i.HAL_UART_DMAStop  stm32f1xx_hal_uart.o
    0x08001f34   0x08001f34   0x00000002   Code   RO         3441    i.HAL_UART_ErrorCallback  stm32f1xx_hal_uart.o
    0x08001f36   0x08001f36   0x00000002   PAD
    0x08001f38   0x08001f38   0x0000026c   Code   RO         3444    i.HAL_UART_IRQHandler  stm32f1xx_hal_uart.o
    0x080021a4   0x080021a4   0x00000064   Code   RO         3445    i.HAL_UART_Init     stm32f1xx_hal_uart.o
    0x08002208   0x08002208   0x00000198   Code   RO          285    i.HAL_UART_MspInit  usart.o
    0x080023a0   0x080023a0   0x0000001c   Code   RO         3449    i.HAL_UART_Receive_DMA  stm32f1xx_hal_uart.o
    0x080023bc   0x080023bc   0x00000002   Code   RO         3451    i.HAL_UART_RxCpltCallback  stm32f1xx_hal_uart.o
    0x080023be   0x080023be   0x00000002   Code   RO         3452    i.HAL_UART_RxHalfCpltCallback  stm32f1xx_hal_uart.o
    0x080023c0   0x080023c0   0x000000a0   Code   RO         3453    i.HAL_UART_Transmit  stm32f1xx_hal_uart.o
    0x08002460   0x08002460   0x00000078   Code   RO         3454    i.HAL_UART_Transmit_DMA  stm32f1xx_hal_uart.o
    0x080024d8   0x080024d8   0x00000002   Code   RO         3456    i.HAL_UART_TxCpltCallback  stm32f1xx_hal_uart.o
    0x080024da   0x080024da   0x00000002   Code   RO         3457    i.HAL_UART_TxHalfCpltCallback  stm32f1xx_hal_uart.o
    0x080024dc   0x080024dc   0x00000002   Code   RO          338    i.HardFault_Handler  stm32f1xx_it.o
    0x080024de   0x080024de   0x00000002   PAD
    0x080024e0   0x080024e0   0x0000006c   Code   RO          218    i.MX_DMA_Init       dma.o
    0x0800254c   0x0800254c   0x00000084   Code   RO          194    i.MX_GPIO_Init      gpio.o
    0x080025d0   0x080025d0   0x00000048   Code   RO          244    i.MX_TIM6_Init      tim.o
    0x08002618   0x08002618   0x00000038   Code   RO          286    i.MX_UART4_Init     usart.o
    0x08002650   0x08002650   0x00000038   Code   RO          287    i.MX_USART1_UART_Init  usart.o
    0x08002688   0x08002688   0x00000002   Code   RO          339    i.MemManage_Handler  stm32f1xx_it.o
    0x0800268a   0x0800268a   0x00000002   Code   RO          340    i.NMI_Handler       stm32f1xx_it.o
    0x0800268c   0x0800268c   0x00000002   Code   RO          341    i.PendSV_Handler    stm32f1xx_it.o
    0x0800268e   0x0800268e   0x00000002   Code   RO          342    i.SVC_Handler       stm32f1xx_it.o
    0x08002690   0x08002690   0x00000004   Code   RO          343    i.SysTick_Handler   stm32f1xx_it.o
    0x08002694   0x08002694   0x0000005e   Code   RO           14    i.SystemClock_Config  main.o
    0x080026f2   0x080026f2   0x00000002   Code   RO         3779    i.SystemInit        system_stm32f1xx.o
    0x080026f4   0x080026f4   0x0000000c   Code   RO          344    i.TIM6_IRQHandler   stm32f1xx_it.o
    0x08002700   0x08002700   0x0000009c   Code   RO         1560    i.TIM_Base_SetConfig  stm32f1xx_hal_tim.o
    0x0800279c   0x0800279c   0x00000064   Code   RO         1252    i.UART4_IDLEHandler  esp8266_driver.o
    0x08002800   0x08002800   0x00000014   Code   RO          345    i.UART4_IRQHandler  stm32f1xx_it.o
    0x08002814   0x08002814   0x00000010   Code   RO         3458    i.UART_DMAAbortOnError  stm32f1xx_hal_uart.o
    0x08002824   0x08002824   0x0000004a   Code   RO         3459    i.UART_DMAError     stm32f1xx_hal_uart.o
    0x0800286e   0x0800286e   0x00000086   Code   RO         3460    i.UART_DMAReceiveCplt  stm32f1xx_hal_uart.o
    0x080028f4   0x080028f4   0x0000001e   Code   RO         3462    i.UART_DMARxHalfCplt  stm32f1xx_hal_uart.o
    0x08002912   0x08002912   0x00000042   Code   RO         3464    i.UART_DMATransmitCplt  stm32f1xx_hal_uart.o
    0x08002954   0x08002954   0x0000000a   Code   RO         3466    i.UART_DMATxHalfCplt  stm32f1xx_hal_uart.o
    0x0800295e   0x0800295e   0x0000004e   Code   RO         3468    i.UART_EndRxTransfer  stm32f1xx_hal_uart.o
    0x080029ac   0x080029ac   0x0000001c   Code   RO         3469    i.UART_EndTxTransfer  stm32f1xx_hal_uart.o
    0x080029c8   0x080029c8   0x000000c2   Code   RO         3470    i.UART_Receive_IT   stm32f1xx_hal_uart.o
    0x08002a8a   0x08002a8a   0x00000002   PAD
    0x08002a8c   0x08002a8c   0x000000b8   Code   RO         3471    i.UART_SetConfig    stm32f1xx_hal_uart.o
    0x08002b44   0x08002b44   0x00000090   Code   RO         3472    i.UART_Start_Receive_DMA  stm32f1xx_hal_uart.o
    0x08002bd4   0x08002bd4   0x00000072   Code   RO         3474    i.UART_WaitOnFlagUntilTimeout  stm32f1xx_hal_uart.o
    0x08002c46   0x08002c46   0x00000002   PAD
    0x08002c48   0x08002c48   0x00000058   Code   RO         1351    i.USART1_IDLEHandler  usart_driver.o
    0x08002ca0   0x08002ca0   0x00000014   Code   RO          346    i.USART1_IRQHandler  stm32f1xx_it.o
    0x08002cb4   0x08002cb4   0x00000002   Code   RO          347    i.UsageFault_Handler  stm32f1xx_it.o
    0x08002cb6   0x08002cb6   0x00000002   PAD
    0x08002cb8   0x08002cb8   0x00000020   Code   RO         4077    i.__0printf         mc_w.l(printfa.o)
    0x08002cd8   0x08002cd8   0x00000028   Code   RO         4079    i.__0sprintf        mc_w.l(printfa.o)
    0x08002d00   0x08002d00   0x00000020   Code   RO         2928    i.__NVIC_SetPriority  stm32f1xx_hal_cortex.o
    0x08002d20   0x08002d20   0x00000008   Code   RO         4182    i.__aeabi_errno_addr  mc_w.l(errno.o)
    0x08002d28   0x08002d28   0x0000005c   Code   RO         4109    i.__free$realloc    mc_w.l(mallocr.o)
    0x08002d84   0x08002d84   0x00000050   Code   RO         4110    i.__malloc$realloc  mc_w.l(mallocr.o)
    0x08002dd4   0x08002dd4   0x0000000e   Code   RO         4255    i.__scatterload_copy  mc_w.l(handlers.o)
    0x08002de2   0x08002de2   0x00000002   Code   RO         4256    i.__scatterload_null  mc_w.l(handlers.o)
    0x08002de4   0x08002de4   0x0000000e   Code   RO         4257    i.__scatterload_zeroinit  mc_w.l(handlers.o)
    0x08002df2   0x08002df2   0x00000002   PAD
    0x08002df4   0x08002df4   0x00000184   Code   RO         4084    i._fp_digits        mc_w.l(printfa.o)
    0x08002f78   0x08002f78   0x0000000e   Code   RO         4137    i._is_digit         mc_w.l(scanf_fp.o)
    0x08002f86   0x08002f86   0x00000002   PAD
    0x08002f88   0x08002f88   0x000006dc   Code   RO         4085    i._printf_core      mc_w.l(printfa.o)
    0x08003664   0x08003664   0x00000024   Code   RO         4086    i._printf_post_padding  mc_w.l(printfa.o)
    0x08003688   0x08003688   0x0000002e   Code   RO         4087    i._printf_pre_padding  mc_w.l(printfa.o)
    0x080036b6   0x080036b6   0x0000000a   Code   RO         4089    i._sputc            mc_w.l(printfa.o)
    0x080036c0   0x080036c0   0x00000030   Code   RO          473    i.buffer_skip_whitespace  cjson.o
    0x080036f0   0x080036f0   0x00000050   Code   RO          505    i.cJSON_Delete      cjson.o
    0x08003740   0x08003740   0x00000010   Code   RO          517    i.cJSON_GetErrorPtr  cjson.o
    0x08003750   0x08003750   0x00000006   Code   RO          519    i.cJSON_GetObjectItem  cjson.o
    0x08003756   0x08003756   0x00000012   Code   RO          530    i.cJSON_IsNumber    cjson.o
    0x08003768   0x08003768   0x00000012   Code   RO          533    i.cJSON_IsString    cjson.o
    0x0800377a   0x0800377a   0x00000016   Code   RO          536    i.cJSON_New_Item    cjson.o
    0x08003790   0x08003790   0x00000008   Code   RO          537    i.cJSON_Parse       cjson.o
    0x08003798   0x08003798   0x000000dc   Code   RO          539    i.cJSON_ParseWithLengthOpts  cjson.o
    0x08003874   0x08003874   0x00000022   Code   RO          540    i.cJSON_ParseWithOpts  cjson.o
    0x08003896   0x08003896   0x00000002   PAD
    0x08003898   0x08003898   0x00000060   Code   RO         1102    i.change_led        led_control.o
    0x080038f8   0x080038f8   0x00000020   Code   RO         1393    i.check_and_report_status  timer_handler.o
    0x08003918   0x08003918   0x000000e8   Code   RO         1253    i.esp8266_init      esp8266_driver.o
    0x08003a00   0x08003a00   0x00000018   Code   RO         1352    i.fputc             usart_driver.o
    0x08003a18   0x08003a18   0x0000000c   Code   RO         1103    i.get_led_tim       led_control.o
    0x08003a24   0x08003a24   0x0000007a   Code   RO          559    i.get_object_item   cjson.o
    0x08003a9e   0x08003a9e   0x00000002   PAD
    0x08003aa0   0x08003aa0   0x00000050   Code   RO         4111    i.internal_alloc    mc_w.l(mallocr.o)
    0x08003af0   0x08003af0   0x00000010   Code   RO         1153    i.key_init          key_handler.o
    0x08003b00   0x08003b00   0x00000014   Code   RO         1154    i.key_press_handler  key_handler.o
    0x08003b14   0x08003b14   0x00000006   Code   RO         1104    i.led_init          led_control.o
    0x08003b1a   0x08003b1a   0x00000002   PAD
    0x08003b1c   0x08003b1c   0x00000020   Code   RO         1105    i.led_tim_set       led_control.o
    0x08003b3c   0x08003b3c   0x000000ac   Code   RO           15    i.main              main.o
    0x08003be8   0x08003be8   0x000000d0   Code   RO          561    i.parse_array       cjson.o
    0x08003cb8   0x08003cb8   0x00000040   Code   RO          562    i.parse_hex4        cjson.o
    0x08003cf8   0x08003cf8   0x000004a8   Code   RO         1305    i.parse_json_str_command  cloud_interface.o
    0x080041a0   0x080041a0   0x0000012c   Code   RO          563    i.parse_number      cjson.o
    0x080042cc   0x080042cc   0x00000110   Code   RO          564    i.parse_object      cjson.o
    0x080043dc   0x080043dc   0x0000010c   Code   RO          565    i.parse_string      cjson.o
    0x080044e8   0x080044e8   0x000000fc   Code   RO          566    i.parse_value       cjson.o
    0x080045e4   0x080045e4   0x0000014c   Code   RO         1353    i.process_command   usart_driver.o
    0x08004730   0x08004730   0x00000248   Code   RO         1254    i.process_esp8266_response  esp8266_driver.o
    0x08004978   0x08004978   0x00000034   Code   RO         1106    i.read_current_led_state  led_control.o
    0x080049ac   0x080049ac   0x0000006c   Code   RO         4112    i.realloc           mc_w.l(mallocr.o)
    0x08004a18   0x08004a18   0x000000c0   Code   RO         1306    i.report_device_status  cloud_interface.o
    0x08004ad8   0x08004ad8   0x00000068   Code   RO         1307    i.report_single_param  cloud_interface.o
    0x08004b40   0x08004b40   0x0000000c   Code   RO         1155    i.reset_key_state   key_handler.o
    0x08004b4c   0x08004b4c   0x00000040   Code   RO         1255    i.send_cmd          esp8266_driver.o
    0x08004b8c   0x08004b8c   0x00000054   Code   RO         1156    i.state_handler_blinking  key_handler.o
    0x08004be0   0x08004be0   0x00000070   Code   RO         1157    i.state_handler_config_mode  key_handler.o
    0x08004c50   0x08004c50   0x00000070   Code   RO         1158    i.state_handler_config_wait  key_handler.o
    0x08004cc0   0x08004cc0   0x0000007c   Code   RO         1159    i.state_handler_double_wait  key_handler.o
    0x08004d3c   0x08004d3c   0x00000058   Code   RO         1160    i.state_handler_key1_add  key_handler.o
    0x08004d94   0x08004d94   0x0000006c   Code   RO         1161    i.state_handler_key2_config  key_handler.o
    0x08004e00   0x08004e00   0x00000064   Code   RO         1162    i.state_handler_key2_minus  key_handler.o
    0x08004e64   0x08004e64   0x00000038   Code   RO         1163    i.state_handler_long_press  key_handler.o
    0x08004e9c   0x08004e9c   0x0000004c   Code   RO         1164    i.state_handler_save_config  key_handler.o
    0x08004ee8   0x08004ee8   0x000000c4   Code   RO         1165    i.state_handler_short_press  key_handler.o
    0x08004fac   0x08004fac   0x00000054   Code   RO         1166    i.state_handler_wait  key_handler.o
    0x08005000   0x08005000   0x0000001c   Code   RO         3814    i.strtod            m_ws.l(strtod.o)
    0x0800501c   0x0800501c   0x000000d2   Code   RO          575    i.utf16_literal_to_utf8  cjson.o
    0x080050ee   0x080050ee   0x00000012   Data   RO         2626    .constdata          stm32f1xx_hal_rcc.o
    0x08005100   0x08005100   0x00000010   Data   RO         3780    .constdata          system_stm32f1xx.o
    0x08005110   0x08005110   0x00000008   Data   RO         3781    .constdata          system_stm32f1xx.o
    0x08005118   0x08005118   0x00000081   Data   RO         4215    .constdata          mc_w.l(ctype_o.o)
    0x08005199   0x08005199   0x00000003   PAD
    0x0800519c   0x0800519c   0x00000004   Data   RO         4216    .constdata          mc_w.l(ctype_o.o)
    0x080051a0   0x080051a0   0x000001ba   Data   RO         1257    .conststring        esp8266_driver.o
    0x0800535a   0x0800535a   0x00000002   PAD
    0x0800535c   0x0800535c   0x00000063   Data   RO         1309    .conststring        cloud_interface.o
    0x080053bf   0x080053bf   0x00000001   PAD
    0x080053c0   0x080053c0   0x00000020   Data   RO         4253    Region$$Table       anon$$obj.o


    Execution Region RW_IRAM1 (Exec base: 0x20000000, Load base: 0x080053e0, Size: 0x00001980, Max: 0x0000c000, ABSOLUTE)

    Exec Addr    Load Addr    Size         Type   Attr      Idx    E Section Name        Object

    0x20000000   0x080053e0   0x00000001   Data   RW           18    .data               main.o
    0x20000001   0x080053e1   0x00000003   PAD
    0x20000004   0x080053e4   0x00000014   Data   RW          577    .data               cjson.o
    0x20000018   0x080053f8   0x00000004   Data   RW         1107    .data               led_control.o
    0x2000001c   0x080053fc   0x0000004c   Data   RW         1167    .data               key_handler.o
    0x20000068   0x08005448   0x00000004   Data   RW         1310    .data               cloud_interface.o
    0x2000006c   0x0800544c   0x00000008   Data   RW         1394    .data               timer_handler.o
    0x20000074   0x08005454   0x00000004   Data   RW         1395    .data               timer_handler.o
    0x20000078   0x08005458   0x0000000c   Data   RW         2463    .data               stm32f1xx_hal.o
    0x20000084   0x08005464   0x00000004   Data   RW         3782    .data               system_stm32f1xx.o
    0x20000088   0x08005468   0x00000004   Data   RW         4171    .data               mc_w.l(stdout.o)
    0x2000008c   0x0800546c   0x00000004   Data   RW         4180    .data               mc_w.l(mvars.o)
    0x20000090   0x08005470   0x00000004   Data   RW         4181    .data               mc_w.l(mvars.o)
    0x20000094   0x08005474   0x00000004   Data   RW         4185    .data               mc_w.l(errno.o)
    0x20000098        -       0x00000200   Zero   RW           16    .bss                main.o
    0x20000298        -       0x00000100   Zero   RW           17    .bss                main.o
    0x20000398        -       0x00000048   Zero   RW          245    .bss                tim.o
    0x200003e0        -       0x000001a0   Zero   RW          288    .bss                usart.o
    0x20000580        -       0x00001000   Zero   RW            2    HEAP                startup_stm32f103xe.o
    0x20001580        -       0x00000400   Zero   RW            1    STACK               startup_stm32f103xe.o


==============================================================================

Image component sizes


      Code (inc. data)   RO Data    RW Data    ZI Data      Debug   Object Name

      2166         68          0         20          0      19428   cjson.o
      1488        748         99          4          0       3555   cloud_interface.o
       108          4          0          0          0        770   dma.o
       980        520        442          0          0       2972   esp8266_driver.o
       132         14          0          0          0        867   gpio.o
      1188        374          0         76          0       7500   key_handler.o
       198         28          0          4          0       2709   led_control.o
       270         28          0          1        768     492511   main.o
        36          8        304          0       5120        780   startup_stm32f103xe.o
       164         28          0         12          0       6317   stm32f1xx_hal.o
       198         14          0          0          0      28795   stm32f1xx_hal_cortex.o
      1236         52          0          0          0       4950   stm32f1xx_hal_dma.o
       540         42          0          0          0       4028   stm32f1xx_hal_gpio.o
        60          8          0          0          0        822   stm32f1xx_hal_msp.o
      1240         84         18          0          0       4968   stm32f1xx_hal_rcc.o
       666         42          0          0          0       6481   stm32f1xx_hal_tim.o
       128         20          0          0          0       2305   stm32f1xx_hal_tim_ex.o
      2224         38          0          0          0      17283   stm32f1xx_hal_uart.o
       120         38          0          0          0       6661   stm32f1xx_it.o
         2          0         24          4          0       1047   system_stm32f1xx.o
       132         20          0          0         72       1474   tim.o
        56         12          0         12          0       1682   timer_handler.o
       520         50          0          0        416       2571   usart.o
       444        172          0          0          0       1823   usart_driver.o

    ----------------------------------------------------------------------
     14320       2412        922        136       6376     622299   Object Totals
         0          0         32          0          0          0   (incl. Generated)
        24          0          3          3          0          0   (incl. Padding)

    ----------------------------------------------------------------------

      Code (inc. data)   RO Data    RW Data    ZI Data      Debug   Library Member Name

        28          0          0          0          0         80   strtod.o
        28          0          0          0          0         68   _chval.o
        64          0          0          0          0         84   _sgetc.o
       158          0          0          0          0         92   _strtoul.o
        26          0          0          0          0         80   atoi.o
         8          4        133          0          0         68   ctype_o.o
         0          0          0          0          0          0   entry.o
         0          0          0          0          0          0   entry10a.o
         0          0          0          0          0          0   entry11a.o
         8          4          0          0          0          0   entry2.o
         4          0          0          0          0          0   entry5.o
         0          0          0          0          0          0   entry7b.o
         0          0          0          0          0          0   entry8b.o
         8          4          0          0          0          0   entry9a.o
         8          4          0          4          0         68   errno.o
        30          0          0          0          0          0   handlers.o
        36          8          0          0          0         68   init.o
        18          0          0          0          0         76   isspace_o.o
         0          0          0          0          0          0   iusefp.o
        30          0          0          0          0         68   llshl.o
        36          0          0          0          0         68   llsshr.o
        32          0          0          0          0         68   llushr.o
       360         30          0          0          0        356   mallocr.o
        36          0          0          0          0         68   memcpya.o
        36          0          0          0          0        108   memseta.o
         0          0          0          8          0          0   mvars.o
      2308         96          0          0          0        604   printfa.o
       878         12          0          0          0        216   scanf_fp.o
         0          0          0          4          0          0   stdout.o
        20          0          0          0          0         68   strchr.o
        28          0          0          0          0         76   strcmp.o
        14          0          0          0          0         68   strlen.o
        30          0          0          0          0         80   strncmp.o
        32          0          0          0          0         68   strrchr.o
        36          0          0          0          0         80   strstr.o
       156         12          0          0          0        120   strtod.o
       112          0          0          0          0         88   strtol.o
        12          0          0          0          0         68   tolower.o
        44          0          0          0          0         80   uidiv.o
        98          0          0          0          0         92   uldiv.o
        48          0          0          0          0         68   cdcmple.o
        48          0          0          0          0         68   cdrcmple.o
        56          0          0          0          0         88   d2f.o
       334          0          0          0          0        148   dadd.o
       222          0          0          0          0        100   ddiv.o
       186          0          0          0          0        176   depilogue.o
        62          0          0          0          0         80   dfixi.o
        48          0          0          0          0         68   dfixul.o
        24          0          0          0          0         76   dfltul.o
       228          0          0          0          0         96   dmul.o
       110          0          0          0          0        168   fepilogue.o

    ----------------------------------------------------------------------
      6094        174        136         16          0       4264   Library Totals
         6          0          3          0          0          0   (incl. Padding)

    ----------------------------------------------------------------------

      Code (inc. data)   RO Data    RW Data    ZI Data      Debug   Library Name

        28          0          0          0          0         80   m_ws.l
      4694        174        133         16          0       3048   mc_w.l
      1366          0          0          0          0       1136   mf_w.l

    ----------------------------------------------------------------------
      6094        174        136         16          0       4264   Library Totals

    ----------------------------------------------------------------------

==============================================================================


      Code (inc. data)   RO Data    RW Data    ZI Data      Debug   

     20414       2586       1058        152       6376     617355   Grand Totals
     20414       2586       1058        152       6376     617355   ELF Image Totals
     20414       2586       1058        152          0          0   ROM Totals

==============================================================================

    Total RO  Size (Code + RO Data)                21472 (  20.97kB)
    Total RW  Size (RW Data + ZI Data)              6528 (   6.38kB)
    Total ROM Size (Code + RO Data + RW Data)      21624 (  21.12kB)

==============================================================================

